******************************************************************************
                  TI ARM Linker PC v18.1.2                     
******************************************************************************
>> Linked Tue Sep 25 08:38:16 2018

OUTPUT FILE NAME:   <blinky.out>
ENTRY POINT SYMBOL: "_c_int00_noargs"  address: 000007ed


MEMORY CONFIGURATION

         name            origin    length      used     unused   attr    fill
----------------------  --------  ---------  --------  --------  ----  --------
  FLASH                 00000000   00040000  00000a9c  0003f564  R  X
  SRAM                  20000000   00008000  00000478  00007b88  RW X


SEGMENT ALLOCATION MAP

run origin  load origin   length   init length attrs members
----------  ----------- ---------- ----------- ----- -------
00000000    00000000    00000aa0   00000aa0    r-x
  00000000    00000000    0000026c   0000026c    r-- .intvecs
  0000026c    0000026c    000006e0   000006e0    r-x .text
  0000094c    0000094c    00000110   00000110    r-- .const
  00000a60    00000a60    00000040   00000040    r-- .cinit
20000000    20000000    00000478   00000000    rw-
  20000000    20000000    0000026c   00000000    rw- .vtable
  2000026c    2000026c    00000004   00000000    rw- .bss
  20000270    20000270    00000200   00000000    rw- .stack
  20000470    20000470    00000008   00000000    rw- .data


SECTION ALLOCATION MAP

 output                                  attributes/
section   page    origin      length       input sections
--------  ----  ----------  ----------   ----------------
.intvecs   0    00000000    0000026c     
                  00000000    0000026c     tm4c123gh6pm_startup_ccs.obj (.intvecs)

.text      0    0000026c    000006e0     
                  0000026c    00000132     driverlib.lib : gpio.obj (.text:GPIOPadConfigSet)
                  0000039e    00000002     tm4c123gh6pm_startup_ccs.obj (.text:FaultISR)
                  000003a0    000000f4     driverlib.lib : sysctl.obj (.text:SysCtlClockSet)
                  00000494    0000009c     rtsv7M4_T_le_v4SPD16_eabi.lib : memcpy_t2.asm.obj (.text)
                  00000530    00000088     blinky.obj (.text:main)
                  000005b8    00000068     driverlib.lib : interrupt.obj (.text:IntEnable)
                  00000620    00000068     rtsv7M4_T_le_v4SPD16_eabi.lib : copy_decompress_lzss.c.obj (.text:decompress:lzss:__TI_decompress_lzss)
                  00000688    00000060     driverlib.lib : timer.obj (.text:TimerConfigure)
                  000006e8    0000004c                   : timer.obj (.text:_TimerIntNumberGet)
                  00000734    00000044     rtsv7M4_T_le_v4SPD16_eabi.lib : autoinit.c.obj (.text:__TI_auto_init_nobinit_nopinit:__TI_auto_init_nobinit_nopinit)
                  00000778    0000003c     blinky.obj (.text:Int_)
                  000007b4    00000038     driverlib.lib : sysctl.obj (.text:SysCtlPeripheralReady)
                  000007ec    00000038     rtsv7M4_T_le_v4SPD16_eabi.lib : boot_cortex_m.c.obj (.text:_c_int00_noargs:_c_int00_noargs)
                  00000824    00000034     driverlib.lib : interrupt.obj (.text:IntRegister)
                  00000858    00000034                   : sysctl.obj (.text:SysCtlPeripheralEnable)
                  0000088c    0000002a                   : gpio.obj (.text:GPIODirModeSet)
                  000008b6    00000018                   : gpio.obj (.text:GPIOPinTypeGPIOOutput)
                  000008ce    00000018                   : timer.obj (.text:TimerIntRegister)
                  000008e6    00000012                   : timer.obj (.text:TimerLoadSet)
                  000008f8    00000012     rtsv7M4_T_le_v4SPD16_eabi.lib : copy_zero_init.c.obj (.text:decompress:ZI:__TI_zero_init_nomemset:__TI_zero_init_nomemset)
                  0000090a    0000000e     driverlib.lib : timer.obj (.text:TimerEnable)
                  00000918    0000000e     rtsv7M4_T_le_v4SPD16_eabi.lib : copy_decompress_none.c.obj (.text:decompress:none:__TI_decompress_none)
                  00000926    00000008     driverlib.lib : timer.obj (.text:TimerIntEnable)
                  0000092e    00000006                   : gpio.obj (.text:GPIOPinWrite)
                  00000934    00000006     tm4c123gh6pm_startup_ccs.obj (.text:ResetISR)
                  0000093a    00000006     driverlib.lib : sysctl.obj (.text:SysCtlDelay)
                  00000940    00000004     rtsv7M4_T_le_v4SPD16_eabi.lib : pre_init.c.obj (.text:_system_pre_init)
                  00000944    00000004                                   : exit.c.obj (.text:abort:abort)
                  00000948    00000002     tm4c123gh6pm_startup_ccs.obj (.text:IntDefaultHandler)
                  0000094a    00000002     tm4c123gh6pm_startup_ccs.obj (.text:NmiSR)

.const     0    0000094c    00000110     
                  0000094c    00000070     driverlib.lib : interrupt.obj (.const)
                  000009bc    00000060                   : timer.obj (.const:g_ppui32TimerIntMap)
                  00000a1c    00000040                   : timer.obj (.const:g_ppui32TimerIntMapSnowflake)

.cinit     0    00000a60    00000040     
                  00000a60    0000000c     (__TI_handler_table)
                  00000a6c    00000004     --HOLE-- [fill = 0]
                  00000a70    00000008     (.cinit..bss.load) [load image, compression = zero_init]
                  00000a78    00000008     (.cinit..vtable.load) [load image, compression = zero_init]
                  00000a80    00000007     (.cinit..data.load) [load image, compression = lzss]
                  00000a87    00000001     --HOLE-- [fill = 0]
                  00000a88    00000018     (__TI_cinit_table)

.init_array 
*          0    00000000    00000000     UNINITIALIZED

.vtable    0    20000000    0000026c     UNINITIALIZED
                  20000000    0000026c     driverlib.lib : interrupt.obj (.vtable)

.bss       0    2000026c    00000004     UNINITIALIZED
                  2000026c    00000004     (.common:Count)

.data      0    20000470    00000008     UNINITIALIZED
                  20000470    00000008     blinky.obj (.data)

.stack     0    20000270    00000200     UNINITIALIZED
                  20000270    00000004     rtsv7M4_T_le_v4SPD16_eabi.lib : boot_cortex_m.c.obj (.stack)
                  20000274    000001fc     --HOLE--

MODULE SUMMARY

       Module                         code   ro data   rw data
       ------                         ----   -------   -------
    .\
       tm4c123gh6pm_startup_ccs.obj   12     620       0      
       blinky.obj                     196    0         12     
    +--+------------------------------+------+---------+---------+
       Total:                         208    620       12     
                                                              
    D:/ti/TIVA/driverlib/ccs/Debug/driverlib.lib
       interrupt.obj                  156    112       620    
       timer.obj                      236    160       0      
       gpio.obj                       378    0         0      
       sysctl.obj                     358    0         0      
    +--+------------------------------+------+---------+---------+
       Total:                         1128   272       620    
                                                              
    D:\Program Files\ti\ccsv8\tools\compiler\ti-cgt-arm_18.1.2.LTS\lib\rtsv7M4_T_le_v4SPD16_eabi.lib
       memcpy_t2.asm.obj              156    0         0      
       copy_decompress_lzss.c.obj     104    0         0      
       autoinit.c.obj                 68     0         0      
       boot_cortex_m.c.obj            56     0         0      
       copy_zero_init.c.obj           18     0         0      
       copy_decompress_none.c.obj     14     0         0      
       exit.c.obj                     4      0         0      
       pre_init.c.obj                 4      0         0      
    +--+------------------------------+------+---------+---------+
       Total:                         424    0         0      
                                                              
       Stack:                         0      0         512    
       Linker Generated:              0      59        0      
    +--+------------------------------+------+---------+---------+
       Grand Total:                   1760   951       1144   


LINKER GENERATED COPY TABLES

__TI_cinit_table @ 00000a88 records: 3, size/record: 8, table size: 24
	.bss: load addr=00000a70, load size=00000008 bytes, run addr=2000026c, run size=00000004 bytes, compression=zero_init
	.vtable: load addr=00000a78, load size=00000008 bytes, run addr=20000000, run size=0000026c bytes, compression=zero_init
	.data: load addr=00000a80, load size=00000007 bytes, run addr=20000470, run size=00000008 bytes, compression=lzss


LINKER GENERATED HANDLER TABLE

__TI_handler_table @ 00000a60 records: 3, size/record: 4, table size: 12
	index: 0, handler: __TI_zero_init
	index: 1, handler: __TI_decompress_lzss
	index: 2, handler: __TI_decompress_none


GLOBAL SYMBOLS: SORTED ALPHABETICALLY BY Name 

address   name                          
-------   ----                          
20000470  A                             
00000945  C$$EXIT                       
2000026c  Count                         
20000474  Flag                          
0000088d  GPIODirModeSet                
0000026d  GPIOPadConfigSet              
000008b7  GPIOPinTypeGPIOOutput         
0000092f  GPIOPinWrite                  
000005b9  IntEnable                     
00000825  IntRegister                   
00000779  Int_                          
00000935  ResetISR                      
000003a1  SysCtlClockSet                
0000093b  SysCtlDelay                   
00000859  SysCtlPeripheralEnable        
000007b5  SysCtlPeripheralReady         
00000689  TimerConfigure                
0000090b  TimerEnable                   
00000927  TimerIntEnable                
000008cf  TimerIntRegister              
000008e7  TimerLoadSet                  
20000470  __STACK_END                   
00000200  __STACK_SIZE                  
20000470  __STACK_TOP                   
00000a88  __TI_CINIT_Base               
00000aa0  __TI_CINIT_Limit              
00000a60  __TI_Handler_Table_Base       
00000a6c  __TI_Handler_Table_Limit      
00000735  __TI_auto_init_nobinit_nopinit
00000621  __TI_decompress_lzss          
00000919  __TI_decompress_none          
ffffffff  __TI_pprof_out_hndl           
ffffffff  __TI_prof_data_size           
ffffffff  __TI_prof_data_start          
00000000  __TI_static_base__            
000008f9  __TI_zero_init_nomemset       
00000495  __aeabi_memcpy                
00000495  __aeabi_memcpy4               
00000495  __aeabi_memcpy8               
ffffffff  __binit__                     
ffffffff  __c_args__                    
UNDEFED   __mpu_init                    
20000270  __stack                       
000007ed  _c_int00_noargs               
UNDEFED   _system_post_cinit            
00000941  _system_pre_init              
00000945  abort                         
ffffffff  binit                         
20000000  g_pfnRAMVectors               
00000000  g_pfnVectors                  
00000531  main                          
00000495  memcpy                        


GLOBAL SYMBOLS: SORTED BY Symbol Address 

address   name                          
-------   ----                          
00000000  __TI_static_base__            
00000000  g_pfnVectors                  
00000200  __STACK_SIZE                  
0000026d  GPIOPadConfigSet              
000003a1  SysCtlClockSet                
00000495  __aeabi_memcpy                
00000495  __aeabi_memcpy4               
00000495  __aeabi_memcpy8               
00000495  memcpy                        
00000531  main                          
000005b9  IntEnable                     
00000621  __TI_decompress_lzss          
00000689  TimerConfigure                
00000735  __TI_auto_init_nobinit_nopinit
00000779  Int_                          
000007b5  SysCtlPeripheralReady         
000007ed  _c_int00_noargs               
00000825  IntRegister                   
00000859  SysCtlPeripheralEnable        
0000088d  GPIODirModeSet                
000008b7  GPIOPinTypeGPIOOutput         
000008cf  TimerIntRegister              
000008e7  TimerLoadSet                  
000008f9  __TI_zero_init_nomemset       
0000090b  TimerEnable                   
00000919  __TI_decompress_none          
00000927  TimerIntEnable                
0000092f  GPIOPinWrite                  
00000935  ResetISR                      
0000093b  SysCtlDelay                   
00000941  _system_pre_init              
00000945  C$$EXIT                       
00000945  abort                         
00000a60  __TI_Handler_Table_Base       
00000a6c  __TI_Handler_Table_Limit      
00000a88  __TI_CINIT_Base               
00000aa0  __TI_CINIT_Limit              
20000000  g_pfnRAMVectors               
2000026c  Count                         
20000270  __stack                       
20000470  A                             
20000470  __STACK_END                   
20000470  __STACK_TOP                   
20000474  Flag                          
ffffffff  __TI_pprof_out_hndl           
ffffffff  __TI_prof_data_size           
ffffffff  __TI_prof_data_start          
ffffffff  __binit__                     
ffffffff  __c_args__                    
ffffffff  binit                         
UNDEFED   __mpu_init                    
UNDEFED   _system_post_cinit            

[52 symbols]
