******************************************************************************
                  TI ARM Linker PC v18.1.2                     
******************************************************************************
>> Linked Wed Sep 19 14:17:55 2018

OUTPUT FILE NAME:   <Work_Timers.out>
ENTRY POINT SYMBOL: "_c_int00_noargs"  address: 000006f5


MEMORY CONFIGURATION

         name            origin    length      used     unused   attr    fill
----------------------  --------  ---------  --------  --------  ----  --------
  FLASH                 00000000   00008000  000008c4  0000773c  R  X
  SRAM                  20000000   00003000  00000201  00002dff  RW X


SEGMENT ALLOCATION MAP

run origin  load origin   length   init length attrs members
----------  ----------- ---------- ----------- ----- -------
00000000    00000000    000008c8   000008c8    r-x
  00000000    00000000    0000026c   0000026c    r-- .intvecs
  0000026c    0000026c    00000564   00000564    r-x .text
  000007d0    000007d0    000000dc   000000dc    r-- .const
  000008b0    000008b0    00000018   00000018    r-- .cinit
20000000    20000000    00000201   00000000    rw-
  20000000    20000000    00000200   00000000    rw- .stack
  20000200    20000200    00000001   00000000    rw- .data


SECTION ALLOCATION MAP

 output                                  attributes/
section   page    origin      length       input sections
--------  ----  ----------  ----------   ----------------
.intvecs   0    00000000    0000026c     
                  00000000    0000026c     tm4c1230c3pm_startup_ccs.obj (.intvecs)

.text      0    0000026c    00000564     
                  0000026c    00000110     driverlib.lib : sysctl.obj (.text:SysCtlClockGet)
                  0000037c    000000f4                   : sysctl.obj (.text:SysCtlClockSet)
                  00000470    0000009c     rtsv7M4_T_le_v4SPD16_eabi.lib : memcpy_t2.asm.obj (.text)
                  0000050c    00000074     main.obj (.text)
                  00000580    00000068     driverlib.lib : interrupt.obj (.text:IntEnable)
                  000005e8    00000068     rtsv7M4_T_le_v4SPD16_eabi.lib : copy_decompress_lzss.c.obj (.text:decompress:lzss:__TI_decompress_lzss)
                  00000650    00000060     driverlib.lib : timer.obj (.text:TimerConfigure)
                  000006b0    00000044     rtsv7M4_T_le_v4SPD16_eabi.lib : autoinit.c.obj (.text:__TI_auto_init_nobinit_nopinit:__TI_auto_init_nobinit_nopinit)
                  000006f4    00000038                                   : boot_cortex_m.c.obj (.text:_c_int00_noargs:_c_int00_noargs)
                  0000072c    00000034     driverlib.lib : sysctl.obj (.text:SysCtlPeripheralEnable)
                  00000760    00000012                   : timer.obj (.text:TimerLoadSet)
                  00000772    00000010                   : interrupt.obj (.text:IntMasterEnable)
                  00000782    0000000e                   : timer.obj (.text:TimerEnable)
                  00000790    0000000e     rtsv7M4_T_le_v4SPD16_eabi.lib : copy_decompress_none.c.obj (.text:decompress:none:__TI_decompress_none)
                  0000079e    0000000c     driverlib.lib : cpu.obj (.text:CPUcpsie)
                  000007aa    0000000c     tm4c1230c3pm_startup_ccs.obj (.text)
                  000007b6    00000008     driverlib.lib : timer.obj (.text:TimerIntEnable)
                  000007be    00000006                   : sysctl.obj (.text:SysCtlDelay)
                  000007c4    00000004                   : timer.obj (.text:TimerIntClear)
                  000007c8    00000004     rtsv7M4_T_le_v4SPD16_eabi.lib : pre_init.c.obj (.text:_system_pre_init)
                  000007cc    00000004                                   : exit.c.obj (.text:abort:abort)

.const     0    000007d0    000000dc     
                  000007d0    00000070     driverlib.lib : interrupt.obj (.const)
                  00000840    0000006c                   : sysctl.obj (.const:g_pui32Xtals)

.cinit     0    000008b0    00000018     
                  000008b0    00000008     (__TI_handler_table)
                  000008b8    00000005     (.cinit..data.load) [load image, compression = lzss]
                  000008bd    00000003     --HOLE-- [fill = 0]
                  000008c0    00000008     (__TI_cinit_table)

.init_array 
*          0    00000000    00000000     UNINITIALIZED

.data      0    20000200    00000001     UNINITIALIZED
                  20000200    00000001     main.obj (.data)

.stack     0    20000000    00000200     UNINITIALIZED
                  20000000    00000004     rtsv7M4_T_le_v4SPD16_eabi.lib : boot_cortex_m.c.obj (.stack)
                  20000004    000001fc     --HOLE--

MODULE SUMMARY

       Module                         code   ro data   rw data
       ------                         ----   -------   -------
    .\
       tm4c1230c3pm_startup_ccs.obj   12     620       0      
    +--+------------------------------+------+---------+---------+
       Total:                         12     620       0      
                                                              
    .\src\
       main.obj                       116    0         1      
    +--+------------------------------+------+---------+---------+
       Total:                         116    0         1      
                                                              
    D:/ti/TIVA/driverlib/ccs/Debug/driverlib.lib
       sysctl.obj                     574    108       0      
       interrupt.obj                  120    112       0      
       timer.obj                      140    0         0      
       cpu.obj                        12     0         0      
    +--+------------------------------+------+---------+---------+
       Total:                         846    220       0      
                                                              
    D:\Program Files\ti\ccsv8\tools\compiler\ti-cgt-arm_18.1.2.LTS\lib\rtsv7M4_T_le_v4SPD16_eabi.lib
       memcpy_t2.asm.obj              156    0         0      
       copy_decompress_lzss.c.obj     104    0         0      
       autoinit.c.obj                 68     0         0      
       boot_cortex_m.c.obj            56     0         0      
       copy_decompress_none.c.obj     14     0         0      
       exit.c.obj                     4      0         0      
       pre_init.c.obj                 4      0         0      
    +--+------------------------------+------+---------+---------+
       Total:                         406    0         0      
                                                              
       Stack:                         0      0         512    
       Linker Generated:              0      21        0      
    +--+------------------------------+------+---------+---------+
       Grand Total:                   1380   861       513    


LINKER GENERATED COPY TABLES

__TI_cinit_table @ 000008c0 records: 1, size/record: 8, table size: 8
	.data: load addr=000008b8, load size=00000005 bytes, run addr=20000200, run size=00000001 bytes, compression=lzss


LINKER GENERATED HANDLER TABLE

__TI_handler_table @ 000008b0 records: 2, size/record: 4, table size: 8
	index: 0, handler: __TI_decompress_lzss
	index: 1, handler: __TI_decompress_none


GLOBAL SYMBOLS: SORTED ALPHABETICALLY BY Name 

address   name                          
-------   ----                          
000007cd  C$$EXIT                       
0000079f  CPUcpsie                      
00000581  IntEnable                     
00000773  IntMasterEnable               
000007ab  ResetISR                      
0000026d  SysCtlClockGet                
0000037d  SysCtlClockSet                
000007bf  SysCtlDelay                   
0000072d  SysCtlPeripheralEnable        
0000050d  Timer0BIntHandler             
00000651  TimerConfigure                
00000783  TimerEnable                   
000007c5  TimerIntClear                 
000007b7  TimerIntEnable                
00000761  TimerLoadSet                  
20000200  __STACK_END                   
00000200  __STACK_SIZE                  
20000200  __STACK_TOP                   
000008c0  __TI_CINIT_Base               
000008c8  __TI_CINIT_Limit              
000008b0  __TI_Handler_Table_Base       
000008b8  __TI_Handler_Table_Limit      
000006b1  __TI_auto_init_nobinit_nopinit
000005e9  __TI_decompress_lzss          
00000791  __TI_decompress_none          
ffffffff  __TI_pprof_out_hndl           
ffffffff  __TI_prof_data_size           
ffffffff  __TI_prof_data_start          
00000000  __TI_static_base__            
00000471  __aeabi_memcpy                
00000471  __aeabi_memcpy4               
00000471  __aeabi_memcpy8               
ffffffff  __binit__                     
ffffffff  __c_args__                    
UNDEFED   __mpu_init                    
20000000  __stack                       
000006f5  _c_int00_noargs               
UNDEFED   _system_post_cinit            
000007c9  _system_pre_init              
000007cd  abort                         
ffffffff  binit                         
00000000  g_pfnVectors                  
00000521  main                          
00000471  memcpy                        


GLOBAL SYMBOLS: SORTED BY Symbol Address 

address   name                          
-------   ----                          
00000000  __TI_static_base__            
00000000  g_pfnVectors                  
00000200  __STACK_SIZE                  
0000026d  SysCtlClockGet                
0000037d  SysCtlClockSet                
00000471  __aeabi_memcpy                
00000471  __aeabi_memcpy4               
00000471  __aeabi_memcpy8               
00000471  memcpy                        
0000050d  Timer0BIntHandler             
00000521  main                          
00000581  IntEnable                     
000005e9  __TI_decompress_lzss          
00000651  TimerConfigure                
000006b1  __TI_auto_init_nobinit_nopinit
000006f5  _c_int00_noargs               
0000072d  SysCtlPeripheralEnable        
00000761  TimerLoadSet                  
00000773  IntMasterEnable               
00000783  TimerEnable                   
00000791  __TI_decompress_none          
0000079f  CPUcpsie                      
000007ab  ResetISR                      
000007b7  TimerIntEnable                
000007bf  SysCtlDelay                   
000007c5  TimerIntClear                 
000007c9  _system_pre_init              
000007cd  C$$EXIT                       
000007cd  abort                         
000008b0  __TI_Handler_Table_Base       
000008b8  __TI_Handler_Table_Limit      
000008c0  __TI_CINIT_Base               
000008c8  __TI_CINIT_Limit              
20000000  __stack                       
20000200  __STACK_END                   
20000200  __STACK_TOP                   
ffffffff  __TI_pprof_out_hndl           
ffffffff  __TI_prof_data_size           
ffffffff  __TI_prof_data_start          
ffffffff  __binit__                     
ffffffff  __c_args__                    
ffffffff  binit                         
UNDEFED   __mpu_init                    
UNDEFED   _system_post_cinit            

[44 symbols]
