******************************************************************************
                  TI ARM Linker PC v18.1.2                     
******************************************************************************
>> Linked Tue Sep 25 08:41:09 2018

OUTPUT FILE NAME:   <Test_TM4C129X.out>
ENTRY POINT SYMBOL: "_c_int00_noargs"  address: 00000789


MEMORY CONFIGURATION

         name            origin    length      used     unused   attr    fill
----------------------  --------  ---------  --------  --------  ----  --------
  FLASH                 00000000   00100000  00000a3a  000ff5c6  R  X
  SRAM                  20000000   00040000  00000478  0003fb88  RW X


SEGMENT ALLOCATION MAP

run origin  load origin   length   init length attrs members
----------  ----------- ---------- ----------- ----- -------
00000000    00000000    00000a40   00000a40    r-x
  00000000    00000000    00000208   00000208    r-- .intvecs
  00000208    00000208    000006e2   000006e2    r-x .text
  000008ec    000008ec    00000110   00000110    r-- .const
  00000a00    00000a00    00000040   00000040    r-- .cinit
20000000    20000000    00000478   00000000    rw-
  20000000    20000000    0000026c   00000000    rw- .vtable
  2000026c    2000026c    00000004   00000000    rw- .bss
  20000270    20000270    00000200   00000000    rw- .stack
  20000470    20000470    00000008   00000000    rw- .data


SECTION ALLOCATION MAP

 output                                  attributes/
section   page    origin      length       input sections
--------  ----  ----------  ----------   ----------------
.intvecs   0    00000000    00000208     
                  00000000    00000208     tm4c129xnczad_startup_ccs.obj (.intvecs)

.text      0    00000208    000006e2     
                  00000208    00000132     driverlib.lib : gpio.obj (.text:GPIOPadConfigSet)
                  0000033a    00000002     --HOLE-- [fill = 0]
                  0000033c    000000f4                   : sysctl.obj (.text:SysCtlClockSet)
                  00000430    000000c4     blinky.obj (.text)
                  000004f4    0000009c     rtsv7M4_T_le_v4SPD16_eabi.lib : memcpy_t2.asm.obj (.text)
                  00000590    00000068     driverlib.lib : interrupt.obj (.text:IntEnable)
                  000005f8    00000068     rtsv7M4_T_le_v4SPD16_eabi.lib : copy_decompress_lzss.c.obj (.text:decompress:lzss:__TI_decompress_lzss)
                  00000660    00000060     driverlib.lib : timer.obj (.text:TimerConfigure)
                  000006c0    0000004c                   : timer.obj (.text:_TimerIntNumberGet)
                  0000070c    00000044     rtsv7M4_T_le_v4SPD16_eabi.lib : autoinit.c.obj (.text:__TI_auto_init_nobinit_nopinit:__TI_auto_init_nobinit_nopinit)
                  00000750    00000038     driverlib.lib : sysctl.obj (.text:SysCtlPeripheralReady)
                  00000788    00000038     rtsv7M4_T_le_v4SPD16_eabi.lib : boot_cortex_m.c.obj (.text:_c_int00_noargs:_c_int00_noargs)
                  000007c0    00000034     driverlib.lib : interrupt.obj (.text:IntRegister)
                  000007f4    00000034                   : sysctl.obj (.text:SysCtlPeripheralEnable)
                  00000828    0000002a                   : gpio.obj (.text:GPIODirModeSet)
                  00000852    00000018                   : gpio.obj (.text:GPIOPinTypeGPIOOutput)
                  0000086a    00000018                   : timer.obj (.text:TimerIntRegister)
                  00000882    00000012                   : timer.obj (.text:TimerLoadSet)
                  00000894    00000012     rtsv7M4_T_le_v4SPD16_eabi.lib : copy_zero_init.c.obj (.text:decompress:ZI:__TI_zero_init_nomemset:__TI_zero_init_nomemset)
                  000008a6    0000000e     driverlib.lib : timer.obj (.text:TimerEnable)
                  000008b4    0000000e     rtsv7M4_T_le_v4SPD16_eabi.lib : copy_decompress_none.c.obj (.text:decompress:none:__TI_decompress_none)
                  000008c2    0000000c     tm4c129xnczad_startup_ccs.obj (.text)
                  000008ce    00000008     driverlib.lib : timer.obj (.text:TimerIntEnable)
                  000008d6    00000006                   : gpio.obj (.text:GPIOPinWrite)
                  000008dc    00000006                   : sysctl.obj (.text:SysCtlDelay)
                  000008e2    00000004     rtsv7M4_T_le_v4SPD16_eabi.lib : pre_init.c.obj (.text:_system_pre_init)
                  000008e6    00000004                                   : exit.c.obj (.text:abort:abort)

.const     0    000008ec    00000110     
                  000008ec    00000070     driverlib.lib : interrupt.obj (.const)
                  0000095c    00000060                   : timer.obj (.const:g_ppui32TimerIntMap)
                  000009bc    00000040                   : timer.obj (.const:g_ppui32TimerIntMapSnowflake)

.cinit     0    00000a00    00000040     
                  00000a00    0000000c     (__TI_handler_table)
                  00000a0c    00000004     --HOLE-- [fill = 0]
                  00000a10    00000008     (.cinit..bss.load) [load image, compression = zero_init]
                  00000a18    00000008     (.cinit..vtable.load) [load image, compression = zero_init]
                  00000a20    00000007     (.cinit..data.load) [load image, compression = lzss]
                  00000a27    00000001     --HOLE-- [fill = 0]
                  00000a28    00000018     (__TI_cinit_table)

.init_array 
*          0    00000000    00000000     UNINITIALIZED

.vtable    0    20000000    0000026c     UNINITIALIZED
                  20000000    0000026c     driverlib.lib : interrupt.obj (.vtable)

.bss       0    2000026c    00000004     UNINITIALIZED
                  2000026c    00000004     (.common:Count)

.data      0    20000470    00000008     UNINITIALIZED
                  20000470    00000008     blinky.obj (.data)

.stack     0    20000270    00000200     UNINITIALIZED
                  20000270    00000004     rtsv7M4_T_le_v4SPD16_eabi.lib : boot_cortex_m.c.obj (.stack)
                  20000274    000001fc     --HOLE--

MODULE SUMMARY

       Module                          code   ro data   rw data
       ------                          ----   -------   -------
    .\
       tm4c129xnczad_startup_ccs.obj   12     520       0      
       blinky.obj                      196    0         12     
    +--+-------------------------------+------+---------+---------+
       Total:                          208    520       12     
                                                               
    D:/ti/TIVA/driverlib/ccs/Debug/driverlib.lib
       interrupt.obj                   156    112       620    
       timer.obj                       236    160       0      
       gpio.obj                        378    0         0      
       sysctl.obj                      358    0         0      
    +--+-------------------------------+------+---------+---------+
       Total:                          1128   272       620    
                                                               
    D:\Program Files\ti\ccsv8\tools\compiler\ti-cgt-arm_18.1.2.LTS\lib\rtsv7M4_T_le_v4SPD16_eabi.lib
       memcpy_t2.asm.obj               156    0         0      
       copy_decompress_lzss.c.obj      104    0         0      
       autoinit.c.obj                  68     0         0      
       boot_cortex_m.c.obj             56     0         0      
       copy_zero_init.c.obj            18     0         0      
       copy_decompress_none.c.obj      14     0         0      
       exit.c.obj                      4      0         0      
       pre_init.c.obj                  4      0         0      
    +--+-------------------------------+------+---------+---------+
       Total:                          424    0         0      
                                                               
       Stack:                          0      0         512    
       Linker Generated:               0      59        0      
    +--+-------------------------------+------+---------+---------+
       Grand Total:                    1760   851       1144   


LINKER GENERATED COPY TABLES

__TI_cinit_table @ 00000a28 records: 3, size/record: 8, table size: 24
	.bss: load addr=00000a10, load size=00000008 bytes, run addr=2000026c, run size=00000004 bytes, compression=zero_init
	.vtable: load addr=00000a18, load size=00000008 bytes, run addr=20000000, run size=0000026c bytes, compression=zero_init
	.data: load addr=00000a20, load size=00000007 bytes, run addr=20000470, run size=00000008 bytes, compression=lzss


LINKER GENERATED HANDLER TABLE

__TI_handler_table @ 00000a00 records: 3, size/record: 4, table size: 12
	index: 0, handler: __TI_zero_init
	index: 1, handler: __TI_decompress_lzss
	index: 2, handler: __TI_decompress_none


GLOBAL SYMBOLS: SORTED ALPHABETICALLY BY Name 

address   name                          
-------   ----                          
20000470  A                             
000008e7  C$$EXIT                       
2000026c  Count                         
20000474  Flag                          
00000829  GPIODirModeSet                
00000209  GPIOPadConfigSet              
00000853  GPIOPinTypeGPIOOutput         
000008d7  GPIOPinWrite                  
00000591  IntEnable                     
000007c1  IntRegister                   
00000493  Int_                          
000008c3  ResetISR                      
0000033d  SysCtlClockSet                
000008dd  SysCtlDelay                   
000007f5  SysCtlPeripheralEnable        
00000751  SysCtlPeripheralReady         
00000661  TimerConfigure                
000008a7  TimerEnable                   
000008cf  TimerIntEnable                
0000086b  TimerIntRegister              
00000883  TimerLoadSet                  
20000470  __STACK_END                   
00000200  __STACK_SIZE                  
20000470  __STACK_TOP                   
00000a28  __TI_CINIT_Base               
00000a40  __TI_CINIT_Limit              
00000a00  __TI_Handler_Table_Base       
00000a0c  __TI_Handler_Table_Limit      
0000070d  __TI_auto_init_nobinit_nopinit
000005f9  __TI_decompress_lzss          
000008b5  __TI_decompress_none          
ffffffff  __TI_pprof_out_hndl           
ffffffff  __TI_prof_data_size           
ffffffff  __TI_prof_data_start          
00000000  __TI_static_base__            
00000895  __TI_zero_init_nomemset       
000004f5  __aeabi_memcpy                
000004f5  __aeabi_memcpy4               
000004f5  __aeabi_memcpy8               
ffffffff  __binit__                     
ffffffff  __c_args__                    
UNDEFED   __mpu_init                    
20000270  __stack                       
00000789  _c_int00_noargs               
UNDEFED   _system_post_cinit            
000008e3  _system_pre_init              
000008e7  abort                         
ffffffff  binit                         
20000000  g_pfnRAMVectors               
00000000  g_pfnVectors                  
00000431  main                          
000004f5  memcpy                        


GLOBAL SYMBOLS: SORTED BY Symbol Address 

address   name                          
-------   ----                          
00000000  __TI_static_base__            
00000000  g_pfnVectors                  
00000200  __STACK_SIZE                  
00000209  GPIOPadConfigSet              
0000033d  SysCtlClockSet                
00000431  main                          
00000493  Int_                          
000004f5  __aeabi_memcpy                
000004f5  __aeabi_memcpy4               
000004f5  __aeabi_memcpy8               
000004f5  memcpy                        
00000591  IntEnable                     
000005f9  __TI_decompress_lzss          
00000661  TimerConfigure                
0000070d  __TI_auto_init_nobinit_nopinit
00000751  SysCtlPeripheralReady         
00000789  _c_int00_noargs               
000007c1  IntRegister                   
000007f5  SysCtlPeripheralEnable        
00000829  GPIODirModeSet                
00000853  GPIOPinTypeGPIOOutput         
0000086b  TimerIntRegister              
00000883  TimerLoadSet                  
00000895  __TI_zero_init_nomemset       
000008a7  TimerEnable                   
000008b5  __TI_decompress_none          
000008c3  ResetISR                      
000008cf  TimerIntEnable                
000008d7  GPIOPinWrite                  
000008dd  SysCtlDelay                   
000008e3  _system_pre_init              
000008e7  C$$EXIT                       
000008e7  abort                         
00000a00  __TI_Handler_Table_Base       
00000a0c  __TI_Handler_Table_Limit      
00000a28  __TI_CINIT_Base               
00000a40  __TI_CINIT_Limit              
20000000  g_pfnRAMVectors               
2000026c  Count                         
20000270  __stack                       
20000470  A                             
20000470  __STACK_END                   
20000470  __STACK_TOP                   
20000474  Flag                          
ffffffff  __TI_pprof_out_hndl           
ffffffff  __TI_prof_data_size           
ffffffff  __TI_prof_data_start          
ffffffff  __binit__                     
ffffffff  __c_args__                    
ffffffff  binit                         
UNDEFED   __mpu_init                    
UNDEFED   _system_post_cinit            

[52 symbols]
