******************************************************************************
                  TI ARM Linker PC v18.1.3                     
******************************************************************************
>> Linked Mon Sep 17 22:32:35 2018

OUTPUT FILE NAME:   <blinky.out>
ENTRY POINT SYMBOL: "_c_int00_noargs"  address: 00000819


MEMORY CONFIGURATION

         name            origin    length      used     unused   attr    fill
----------------------  --------  ---------  --------  --------  ----  --------
  FLASH                 00000000   00040000  00000afe  0003f502  R  X
  SRAM                  20000000   00008000  00000470  00007b90  RW X


SEGMENT ALLOCATION MAP

run origin  load origin   length   init length attrs members
----------  ----------- ---------- ----------- ----- -------
00000000    00000000    00000b00   00000b00    r-x
  00000000    00000000    0000026c   0000026c    r-- .intvecs
  0000026c    0000026c    00000752   00000752    r-x .text
  000009c0    000009c0    00000110   00000110    r-- .const
  00000ad0    00000ad0    00000030   00000030    r-- .cinit
20000000    20000000    00000470   00000000    rw-
  20000000    20000000    0000026c   00000000    rw- .vtable
  2000026c    2000026c    00000004   00000000    rw- .data
  20000270    20000270    00000200   00000000    rw- .stack


SECTION ALLOCATION MAP

 output                                  attributes/
section   page    origin      length       input sections
--------  ----  ----------  ----------   ----------------
.intvecs   0    00000000    0000026c     
                  00000000    0000026c     tm4c123gh6pm_startup_ccs.obj (.intvecs)

.text      0    0000026c    00000752     
                  0000026c    00000132     driverlib.lib : gpio.obj (.text:GPIOPadConfigSet)
                  0000039e    00000002     tm4c123gh6pm_startup_ccs.obj (.text:FaultISR)
                  000003a0    000000f4     driverlib.lib : sysctl.obj (.text:SysCtlClockSet)
                  00000494    000000f0     blinky.obj (.text:main)
                  00000584    0000009c     rtsv7M4_T_le_v4SPD16_eabi.lib : memcpy_t2.asm.obj (.text)
                  00000620    00000068     driverlib.lib : interrupt.obj (.text:IntEnable)
                  00000688    00000068     rtsv7M4_T_le_v4SPD16_eabi.lib : copy_decompress_lzss.c.obj (.text:decompress:lzss:__TI_decompress_lzss)
                  000006f0    00000060     driverlib.lib : timer.obj (.text:TimerConfigure)
                  00000750    0000004c                   : timer.obj (.text:_TimerIntNumberGet)
                  0000079c    00000044     rtsv7M4_T_le_v4SPD16_eabi.lib : autoinit.c.obj (.text:__TI_auto_init_nobinit_nopinit:__TI_auto_init_nobinit_nopinit)
                  000007e0    00000038     driverlib.lib : sysctl.obj (.text:SysCtlPeripheralReady)
                  00000818    00000038     rtsv7M4_T_le_v4SPD16_eabi.lib : boot_cortex_m.c.obj (.text:_c_int00_noargs:_c_int00_noargs)
                  00000850    00000034     driverlib.lib : interrupt.obj (.text:IntRegister)
                  00000884    00000034     blinky.obj (.text:Int_)
                  000008b8    00000034     driverlib.lib : sysctl.obj (.text:SysCtlPeripheralEnable)
                  000008ec    0000002a                   : gpio.obj (.text:GPIODirModeSet)
                  00000916    00000018                   : gpio.obj (.text:GPIOPinTypeGPIOOutput)
                  0000092e    00000018                   : timer.obj (.text:TimerIntRegister)
                  00000946    00000012                   : timer.obj (.text:TimerLoadSet)
                  00000958    00000012                   : timer.obj (.text:TimerMatchSet)
                  0000096a    00000012     rtsv7M4_T_le_v4SPD16_eabi.lib : copy_zero_init.c.obj (.text:decompress:ZI:__TI_zero_init_nomemset:__TI_zero_init_nomemset)
                  0000097c    0000000e     driverlib.lib : timer.obj (.text:TimerEnable)
                  0000098a    0000000e     rtsv7M4_T_le_v4SPD16_eabi.lib : copy_decompress_none.c.obj (.text:decompress:none:__TI_decompress_none)
                  00000998    00000008     driverlib.lib : timer.obj (.text:TimerIntEnable)
                  000009a0    00000006                   : gpio.obj (.text:GPIOPinWrite)
                  000009a6    00000006     tm4c123gh6pm_startup_ccs.obj (.text:ResetISR)
                  000009ac    00000006     driverlib.lib : sysctl.obj (.text:SysCtlDelay)
                  000009b2    00000004     rtsv7M4_T_le_v4SPD16_eabi.lib : pre_init.c.obj (.text:_system_pre_init)
                  000009b6    00000004                                   : exit.c.obj (.text:abort:abort)
                  000009ba    00000002     tm4c123gh6pm_startup_ccs.obj (.text:IntDefaultHandler)
                  000009bc    00000002     tm4c123gh6pm_startup_ccs.obj (.text:NmiSR)

.const     0    000009c0    00000110     
                  000009c0    00000070     driverlib.lib : interrupt.obj (.const)
                  00000a30    00000060                   : timer.obj (.const:g_ppui32TimerIntMap)
                  00000a90    00000040                   : timer.obj (.const:g_ppui32TimerIntMapSnowflake)

.cinit     0    00000ad0    00000030     
                  00000ad0    0000000c     (__TI_handler_table)
                  00000adc    00000004     --HOLE-- [fill = 0]
                  00000ae0    00000008     (.cinit..vtable.load) [load image, compression = zero_init]
                  00000ae8    00000007     (.cinit..data.load) [load image, compression = lzss]
                  00000aef    00000001     --HOLE-- [fill = 0]
                  00000af0    00000010     (__TI_cinit_table)

.init_array 
*          0    00000000    00000000     UNINITIALIZED

.vtable    0    20000000    0000026c     UNINITIALIZED
                  20000000    0000026c     driverlib.lib : interrupt.obj (.vtable)

.data      0    2000026c    00000004     UNINITIALIZED
                  2000026c    00000004     blinky.obj (.data)

.stack     0    20000270    00000200     UNINITIALIZED
                  20000270    00000004     rtsv7M4_T_le_v4SPD16_eabi.lib : boot_cortex_m.c.obj (.stack)
                  20000274    000001fc     --HOLE--

MODULE SUMMARY

       Module                         code   ro data   rw data
       ------                         ----   -------   -------
    .\
       tm4c123gh6pm_startup_ccs.obj   12     620       0      
       blinky.obj                     292    0         4      
    +--+------------------------------+------+---------+---------+
       Total:                         304    620       4      
                                                              
    G:/ti/ti/tivaware_c_series_2_1_4_178/driverlib/ccs/Debug/driverlib.lib
       interrupt.obj                  156    112       620    
       timer.obj                      254    160       0      
       gpio.obj                       378    0         0      
       sysctl.obj                     358    0         0      
    +--+------------------------------+------+---------+---------+
       Total:                         1146   272       620    
                                                              
    G:\ti\ccsv8\tools\compiler\ti-cgt-arm_18.1.3.LTS\lib\rtsv7M4_T_le_v4SPD16_eabi.lib
       memcpy_t2.asm.obj              156    0         0      
       copy_decompress_lzss.c.obj     104    0         0      
       autoinit.c.obj                 68     0         0      
       boot_cortex_m.c.obj            56     0         0      
       copy_zero_init.c.obj           18     0         0      
       copy_decompress_none.c.obj     14     0         0      
       exit.c.obj                     4      0         0      
       pre_init.c.obj                 4      0         0      
    +--+------------------------------+------+---------+---------+
       Total:                         424    0         0      
                                                              
       Stack:                         0      0         512    
       Linker Generated:              0      43        0      
    +--+------------------------------+------+---------+---------+
       Grand Total:                   1874   935       1136   


LINKER GENERATED COPY TABLES

__TI_cinit_table @ 00000af0 records: 2, size/record: 8, table size: 16
	.vtable: load addr=00000ae0, load size=00000008 bytes, run addr=20000000, run size=0000026c bytes, compression=zero_init
	.data: load addr=00000ae8, load size=00000007 bytes, run addr=2000026c, run size=00000004 bytes, compression=lzss


LINKER GENERATED HANDLER TABLE

__TI_handler_table @ 00000ad0 records: 3, size/record: 4, table size: 12
	index: 0, handler: __TI_zero_init
	index: 1, handler: __TI_decompress_lzss
	index: 2, handler: __TI_decompress_none


GLOBAL SYMBOLS: SORTED ALPHABETICALLY BY Name 

address   name                          
-------   ----                          
000009b7  C$$EXIT                       
2000026c  Flag                          
000008ed  GPIODirModeSet                
0000026d  GPIOPadConfigSet              
00000917  GPIOPinTypeGPIOOutput         
000009a1  GPIOPinWrite                  
00000621  IntEnable                     
00000851  IntRegister                   
00000885  Int_                          
000009a7  ResetISR                      
000003a1  SysCtlClockSet                
000009ad  SysCtlDelay                   
000008b9  SysCtlPeripheralEnable        
000007e1  SysCtlPeripheralReady         
000006f1  TimerConfigure                
0000097d  TimerEnable                   
00000999  TimerIntEnable                
0000092f  TimerIntRegister              
00000947  TimerLoadSet                  
00000959  TimerMatchSet                 
20000470  __STACK_END                   
00000200  __STACK_SIZE                  
20000470  __STACK_TOP                   
00000af0  __TI_CINIT_Base               
00000b00  __TI_CINIT_Limit              
00000ad0  __TI_Handler_Table_Base       
00000adc  __TI_Handler_Table_Limit      
0000079d  __TI_auto_init_nobinit_nopinit
00000689  __TI_decompress_lzss          
0000098b  __TI_decompress_none          
ffffffff  __TI_pprof_out_hndl           
ffffffff  __TI_prof_data_size           
ffffffff  __TI_prof_data_start          
00000000  __TI_static_base__            
0000096b  __TI_zero_init_nomemset       
00000585  __aeabi_memcpy                
00000585  __aeabi_memcpy4               
00000585  __aeabi_memcpy8               
ffffffff  __binit__                     
ffffffff  __c_args__                    
UNDEFED   __mpu_init                    
20000270  __stack                       
00000819  _c_int00_noargs               
UNDEFED   _system_post_cinit            
000009b3  _system_pre_init              
000009b7  abort                         
ffffffff  binit                         
20000000  g_pfnRAMVectors               
00000000  g_pfnVectors                  
00000495  main                          
00000585  memcpy                        


GLOBAL SYMBOLS: SORTED BY Symbol Address 

address   name                          
-------   ----                          
00000000  __TI_static_base__            
00000000  g_pfnVectors                  
00000200  __STACK_SIZE                  
0000026d  GPIOPadConfigSet              
000003a1  SysCtlClockSet                
00000495  main                          
00000585  __aeabi_memcpy                
00000585  __aeabi_memcpy4               
00000585  __aeabi_memcpy8               
00000585  memcpy                        
00000621  IntEnable                     
00000689  __TI_decompress_lzss          
000006f1  TimerConfigure                
0000079d  __TI_auto_init_nobinit_nopinit
000007e1  SysCtlPeripheralReady         
00000819  _c_int00_noargs               
00000851  IntRegister                   
00000885  Int_                          
000008b9  SysCtlPeripheralEnable        
000008ed  GPIODirModeSet                
00000917  GPIOPinTypeGPIOOutput         
0000092f  TimerIntRegister              
00000947  TimerLoadSet                  
00000959  TimerMatchSet                 
0000096b  __TI_zero_init_nomemset       
0000097d  TimerEnable                   
0000098b  __TI_decompress_none          
00000999  TimerIntEnable                
000009a1  GPIOPinWrite                  
000009a7  ResetISR                      
000009ad  SysCtlDelay                   
000009b3  _system_pre_init              
000009b7  C$$EXIT                       
000009b7  abort                         
00000ad0  __TI_Handler_Table_Base       
00000adc  __TI_Handler_Table_Limit      
00000af0  __TI_CINIT_Base               
00000b00  __TI_CINIT_Limit              
20000000  g_pfnRAMVectors               
2000026c  Flag                          
20000270  __stack                       
20000470  __STACK_END                   
20000470  __STACK_TOP                   
ffffffff  __TI_pprof_out_hndl           
ffffffff  __TI_prof_data_size           
ffffffff  __TI_prof_data_start          
ffffffff  __binit__                     
ffffffff  __c_args__                    
ffffffff  binit                         
UNDEFED   __mpu_init                    
UNDEFED   _system_post_cinit            

[51 symbols]
