******************************************************************************
                  TI ARM Linker PC v18.1.2                     
******************************************************************************
>> Linked Wed Sep 12 09:35:30 2018

OUTPUT FILE NAME:   <HEllo_World_GPIOLed.out>
ENTRY POINT SYMBOL: "_c_int00_noinit_noargs"  address: 00000411


MEMORY CONFIGURATION

         name            origin    length      used     unused   attr    fill
----------------------  --------  ---------  --------  --------  ----  --------
  FLASH                 00000000   00008000  0000049c  00007b64  R  X
  SRAM                  20000000   00003000  00000200  00002e00  RW X


SEGMENT ALLOCATION MAP

run origin  load origin   length   init length attrs members
----------  ----------- ---------- ----------- ----- -------
00000000    00000000    0000049c   0000049c    r-x
  00000000    00000000    0000026c   0000026c    r-- .intvecs
  0000026c    0000026c    00000230   00000230    r-x .text
20000000    20000000    00000200   00000000    rw-
  20000000    20000000    00000200   00000000    rw- .stack


SECTION ALLOCATION MAP

 output                                  attributes/
section   page    origin      length       input sections
--------  ----  ----------  ----------   ----------------
.intvecs   0    00000000    0000026c     
                  00000000    0000026c     tm4c1231c3pm_startup_ccs.obj (.intvecs)

.text      0    0000026c    00000230     
                  0000026c    00000132     driverlib.lib : gpio.obj (.text:GPIOPadConfigSet)
                  0000039e    00000002     --HOLE-- [fill = 0]
                  000003a0    00000070     main.obj (.text)
                  00000410    00000030     rtsv7M4_T_le_v4SPD16_eabi.lib : boot_cortex_m.c.obj (.text:_c_int00_noinit_noargs:_c_int00_noinit_noargs)
                  00000440    0000002a     driverlib.lib : gpio.obj (.text:GPIODirModeSet)
                  0000046a    00000018                   : gpio.obj (.text:GPIOPinTypeGPIOOutput)
                  00000482    0000000c     tm4c1231c3pm_startup_ccs.obj (.text)
                  0000048e    00000006     driverlib.lib : gpio.obj (.text:GPIOPinWrite)
                  00000494    00000004     rtsv7M4_T_le_v4SPD16_eabi.lib : pre_init.c.obj (.text:_system_pre_init)
                  00000498    00000004                                   : exit.c.obj (.text:abort:abort)

.cinit     0    00000000    00000000     UNINITIALIZED

.init_array 
*          0    00000000    00000000     UNINITIALIZED

.stack     0    20000000    00000200     UNINITIALIZED
                  20000000    00000004     rtsv7M4_T_le_v4SPD16_eabi.lib : boot_cortex_m.c.obj (.stack)
                  20000004    000001fc     --HOLE--

MODULE SUMMARY

       Module                         code   ro data   rw data
       ------                         ----   -------   -------
    .\
       tm4c1231c3pm_startup_ccs.obj   12     620       0      
    +--+------------------------------+------+---------+---------+
       Total:                         12     620       0      
                                                              
    .\src\
       main.obj                       112    0         0      
    +--+------------------------------+------+---------+---------+
       Total:                         112    0         0      
                                                              
    D:/Program Files/Tiva/driverlib/ccs/Debug/driverlib.lib
       gpio.obj                       378    0         0      
    +--+------------------------------+------+---------+---------+
       Total:                         378    0         0      
                                                              
    D:\Program Files\ti\ccsv8\tools\compiler\ti-cgt-arm_18.1.2.LTS\lib\rtsv7M4_T_le_v4SPD16_eabi.lib
       boot_cortex_m.c.obj            48     0         0      
       exit.c.obj                     4      0         0      
       pre_init.c.obj                 4      0         0      
    +--+------------------------------+------+---------+---------+
       Total:                         56     0         0      
                                                              
       Stack:                         0      0         512    
    +--+------------------------------+------+---------+---------+
       Grand Total:                   558    620       512    


GLOBAL SYMBOLS: SORTED ALPHABETICALLY BY Name 

address   name                  
-------   ----                  
00000499  C$$EXIT               
000003a1  Delay                 
00000441  GPIODirModeSet        
0000026d  GPIOPadConfigSet      
0000046b  GPIOPinTypeGPIOOutput 
0000048f  GPIOPinWrite          
00000483  ResetISR              
20000200  __STACK_END           
00000200  __STACK_SIZE          
20000200  __STACK_TOP           
ffffffff  __TI_pprof_out_hndl   
ffffffff  __TI_prof_data_size   
ffffffff  __TI_prof_data_start  
00000000  __TI_static_base__    
ffffffff  __binit__             
ffffffff  __c_args__            
UNDEFED   __mpu_init            
20000000  __stack               
00000411  _c_int00_noinit_noargs
00000495  _system_pre_init      
00000499  abort                 
ffffffff  binit                 
00000000  g_pfnVectors          
000003c3  main                  


GLOBAL SYMBOLS: SORTED BY Symbol Address 

address   name                  
-------   ----                  
00000000  __TI_static_base__    
00000000  g_pfnVectors          
00000200  __STACK_SIZE          
0000026d  GPIOPadConfigSet      
000003a1  Delay                 
000003c3  main                  
00000411  _c_int00_noinit_noargs
00000441  GPIODirModeSet        
0000046b  GPIOPinTypeGPIOOutput 
00000483  ResetISR              
0000048f  GPIOPinWrite          
00000495  _system_pre_init      
00000499  C$$EXIT               
00000499  abort                 
20000000  __stack               
20000200  __STACK_END           
20000200  __STACK_TOP           
ffffffff  __TI_pprof_out_hndl   
ffffffff  __TI_prof_data_size   
ffffffff  __TI_prof_data_start  
ffffffff  __binit__             
ffffffff  __c_args__            
ffffffff  binit                 
UNDEFED   __mpu_init            

[24 symbols]
