******************************************************************************
                  TI ARM Linker PC v18.1.2                     
******************************************************************************
>> Linked Fri Sep 21 17:00:28 2018

OUTPUT FILE NAME:   <AL_Timers.out>
ENTRY POINT SYMBOL: "_c_int00_noargs"  address: 00000add


MEMORY CONFIGURATION

         name            origin    length      used     unused   attr    fill
----------------------  --------  ---------  --------  --------  ----  --------
  FLASH                 00000000   00008000  00000d60  000072a0  R  X
  SRAM                  20000000   00003000  0000046c  00002b94  RW X


SEGMENT ALLOCATION MAP

run origin  load origin   length   init length attrs members
----------  ----------- ---------- ----------- ----- -------
00000000    00000000    00000d64   00000d64    r-x
  00000000    00000000    0000026c   0000026c    r-- .intvecs
  0000026c    0000026c    000009d0   000009d0    r-x .text
  00000c3c    00000c3c    00000110   00000110    r-- .const
  00000d50    00000d50    00000014   00000014    r-- .cinit
20000000    20000000    00000470   00000000    rw-
  20000000    20000000    0000026c   00000000    rw- .vtable
  20000270    20000270    00000200   00000000    rw- .stack


SECTION ALLOCATION MAP

 output                                  attributes/
section   page    origin      length       input sections
--------  ----  ----------  ----------   ----------------
.intvecs   0    00000000    0000026c     
                  00000000    0000026c     tm4c1230c3pm_startup_ccs.obj (.intvecs)

.text      0    0000026c    000009d0     
                  0000026c    000004c4     Timers.obj (.text)
                  00000730    000000f8     main.obj (.text)
                  00000828    000000f4     driverlib.lib : sysctl.obj (.text:SysCtlClockSet)
                  0000091c    00000068                   : interrupt.obj (.text:IntDisable)
                  00000984    00000068                   : interrupt.obj (.text:IntEnable)
                  000009ec    00000060                   : timer.obj (.text:TimerConfigure)
                  00000a4c    0000004c                   : timer.obj (.text:_TimerIntNumberGet)
                  00000a98    00000044     rtsv7M4_T_le_v4SPD16_eabi.lib : autoinit.c.obj (.text:__TI_auto_init_nobinit_nopinit:__TI_auto_init_nobinit_nopinit)
                  00000adc    00000038                                   : boot_cortex_m.c.obj (.text:_c_int00_noargs:_c_int00_noargs)
                  00000b14    00000034     driverlib.lib : interrupt.obj (.text:IntRegister)
                  00000b48    00000034                   : sysctl.obj (.text:SysCtlPeripheralEnable)
                  00000b7c    00000018                   : timer.obj (.text:TimerDisable)
                  00000b94    00000018                   : timer.obj (.text:TimerIntRegister)
                  00000bac    00000012                   : timer.obj (.text:TimerLoadSet)
                  00000bbe    00000012                   : timer.obj (.text:TimerPrescaleSet)
                  00000bd0    00000012     rtsv7M4_T_le_v4SPD16_eabi.lib : copy_zero_init.c.obj (.text:decompress:ZI:__TI_zero_init_nomemset:__TI_zero_init_nomemset)
                  00000be2    00000010     driverlib.lib : interrupt.obj (.text:IntMasterEnable)
                  00000bf2    0000000e                   : timer.obj (.text:TimerEnable)
                  00000c00    0000000c                   : cpu.obj (.text:CPUcpsie)
                  00000c0c    0000000c     tm4c1230c3pm_startup_ccs.obj (.text)
                  00000c18    0000000a     driverlib.lib : timer.obj (.text:TimerIntDisable)
                  00000c22    00000008                   : timer.obj (.text:TimerIntEnable)
                  00000c2a    00000006                   : sysctl.obj (.text:SysCtlDelay)
                  00000c30    00000004                   : timer.obj (.text:TimerIntClear)
                  00000c34    00000004     rtsv7M4_T_le_v4SPD16_eabi.lib : pre_init.c.obj (.text:_system_pre_init)
                  00000c38    00000004                                   : exit.c.obj (.text:abort:abort)

.const     0    00000c3c    00000110     
                  00000c3c    00000070     driverlib.lib : interrupt.obj (.const)
                  00000cac    00000060                   : timer.obj (.const:g_ppui32TimerIntMap)
                  00000d0c    00000040                   : timer.obj (.const:g_ppui32TimerIntMapSnowflake)

.cinit     0    00000d50    00000014     
                  00000d50    00000008     (.cinit..vtable.load) [load image, compression = zero_init]
                  00000d58    00000004     (__TI_handler_table)
                  00000d5c    00000008     (__TI_cinit_table)

.init_array 
*          0    00000000    00000000     UNINITIALIZED

.vtable    0    20000000    0000026c     UNINITIALIZED
                  20000000    0000026c     driverlib.lib : interrupt.obj (.vtable)

.stack     0    20000270    00000200     UNINITIALIZED
                  20000270    00000004     rtsv7M4_T_le_v4SPD16_eabi.lib : boot_cortex_m.c.obj (.stack)
                  20000274    000001fc     --HOLE--

MODULE SUMMARY

       Module                         code   ro data   rw data
       ------                         ----   -------   -------
    .\
       tm4c1230c3pm_startup_ccs.obj   12     620       0      
    +--+------------------------------+------+---------+---------+
       Total:                         12     620       0      
                                                              
    .\src\
       Timers.obj                     1220   0         0      
       main.obj                       248    0         0      
    +--+------------------------------+------+---------+---------+
       Total:                         1468   0         0      
                                                              
    D:/ti/TIVA/driverlib/ccs/Debug/driverlib.lib
       interrupt.obj                  276    112       620    
       timer.obj                      292    160       0      
       sysctl.obj                     302    0         0      
       cpu.obj                        12     0         0      
    +--+------------------------------+------+---------+---------+
       Total:                         882    272       620    
                                                              
    D:\Program Files\ti\ccsv8\tools\compiler\ti-cgt-arm_18.1.2.LTS\lib\rtsv7M4_T_le_v4SPD16_eabi.lib
       autoinit.c.obj                 68     0         0      
       boot_cortex_m.c.obj            56     0         0      
       copy_zero_init.c.obj           18     0         0      
       exit.c.obj                     4      0         0      
       pre_init.c.obj                 4      0         0      
    +--+------------------------------+------+---------+---------+
       Total:                         150    0         0      
                                                              
       Stack:                         0      0         512    
       Linker Generated:              0      20        0      
    +--+------------------------------+------+---------+---------+
       Grand Total:                   2512   912       1132   


LINKER GENERATED COPY TABLES

__TI_cinit_table @ 00000d5c records: 1, size/record: 8, table size: 8
	.vtable: load addr=00000d50, load size=00000008 bytes, run addr=20000000, run size=0000026c bytes, compression=zero_init


LINKER GENERATED HANDLER TABLE

__TI_handler_table @ 00000d58 records: 1, size/record: 4, table size: 4
	index: 0, handler: __TI_zero_init


GLOBAL SYMBOLS: SORTED ALPHABETICALLY BY Name 

address   name                          
-------   ----                          
00000731  AL_TIM                        
00000c39  C$$EXIT                       
00000c01  CPUcpsie                      
0000091d  IntDisable                    
00000985  IntEnable                     
00000be3  IntMasterEnable               
00000b15  IntRegister                   
000005e5  RegisterInterrupt             
00000c0d  ResetISR                      
000005c3  SetValueCount                 
000005ad  SetValuePresceler             
00000829  SysCtlClockSet                
00000c2b  SysCtlDelay                   
00000b49  SysCtlPeripheralEnable        
000004d1  TIM_Init                      
0000053d  TIM_ToggleStatus              
0000026d  Timer0BIntHandler             
000002d3  Timer1BIntHandler             
00000339  Timer2BIntHandler             
0000039f  Timer3BIntHandler             
00000405  Timer4BIntHandler             
0000046b  Timer5BIntHandler             
000009ed  TimerConfigure                
00000b7d  TimerDisable                  
00000bf3  TimerEnable                   
00000c31  TimerIntClear                 
00000c19  TimerIntDisable               
00000c23  TimerIntEnable                
00000b95  TimerIntRegister              
00000bad  TimerLoadSet                  
00000bbf  TimerPrescaleSet              
0000067d  Timer_Config                  
0000056d  ToggleInterrupt               
20000470  __STACK_END                   
00000200  __STACK_SIZE                  
20000470  __STACK_TOP                   
00000d5c  __TI_CINIT_Base               
00000d64  __TI_CINIT_Limit              
00000d58  __TI_Handler_Table_Base       
00000d5c  __TI_Handler_Table_Limit      
00000a99  __TI_auto_init_nobinit_nopinit
ffffffff  __TI_pprof_out_hndl           
ffffffff  __TI_prof_data_size           
ffffffff  __TI_prof_data_start          
00000000  __TI_static_base__            
00000bd1  __TI_zero_init_nomemset       
ffffffff  __binit__                     
ffffffff  __c_args__                    
UNDEFED   __mpu_init                    
20000270  __stack                       
00000add  _c_int00_noargs               
UNDEFED   _system_post_cinit            
00000c35  _system_pre_init              
00000c39  abort                         
ffffffff  binit                         
20000000  g_pfnRAMVectors               
00000000  g_pfnVectors                  
000007f9  main                          


GLOBAL SYMBOLS: SORTED BY Symbol Address 

address   name                          
-------   ----                          
00000000  __TI_static_base__            
00000000  g_pfnVectors                  
00000200  __STACK_SIZE                  
0000026d  Timer0BIntHandler             
000002d3  Timer1BIntHandler             
00000339  Timer2BIntHandler             
0000039f  Timer3BIntHandler             
00000405  Timer4BIntHandler             
0000046b  Timer5BIntHandler             
000004d1  TIM_Init                      
0000053d  TIM_ToggleStatus              
0000056d  ToggleInterrupt               
000005ad  SetValuePresceler             
000005c3  SetValueCount                 
000005e5  RegisterInterrupt             
0000067d  Timer_Config                  
00000731  AL_TIM                        
000007f9  main                          
00000829  SysCtlClockSet                
0000091d  IntDisable                    
00000985  IntEnable                     
000009ed  TimerConfigure                
00000a99  __TI_auto_init_nobinit_nopinit
00000add  _c_int00_noargs               
00000b15  IntRegister                   
00000b49  SysCtlPeripheralEnable        
00000b7d  TimerDisable                  
00000b95  TimerIntRegister              
00000bad  TimerLoadSet                  
00000bbf  TimerPrescaleSet              
00000bd1  __TI_zero_init_nomemset       
00000be3  IntMasterEnable               
00000bf3  TimerEnable                   
00000c01  CPUcpsie                      
00000c0d  ResetISR                      
00000c19  TimerIntDisable               
00000c23  TimerIntEnable                
00000c2b  SysCtlDelay                   
00000c31  TimerIntClear                 
00000c35  _system_pre_init              
00000c39  C$$EXIT                       
00000c39  abort                         
00000d58  __TI_Handler_Table_Base       
00000d5c  __TI_CINIT_Base               
00000d5c  __TI_Handler_Table_Limit      
00000d64  __TI_CINIT_Limit              
20000000  g_pfnRAMVectors               
20000270  __stack                       
20000470  __STACK_END                   
20000470  __STACK_TOP                   
ffffffff  __TI_pprof_out_hndl           
ffffffff  __TI_prof_data_size           
ffffffff  __TI_prof_data_start          
ffffffff  __binit__                     
ffffffff  __c_args__                    
ffffffff  binit                         
UNDEFED   __mpu_init                    
UNDEFED   _system_post_cinit            

[58 symbols]
