******************************************************************************
                  TI ARM Linker PC v18.1.2                     
******************************************************************************
>> Linked Thu Sep 20 17:41:31 2018

OUTPUT FILE NAME:   <AL_Timers.out>
ENTRY POINT SYMBOL: "_c_int00_noargs"  address: 000005fd


MEMORY CONFIGURATION

         name            origin    length      used     unused   attr    fill
----------------------  --------  ---------  --------  --------  ----  --------
  FLASH                 00000000   00008000  00000712  000078ee  R  X
  SRAM                  20000000   00003000  00000228  00002dd8  RW X


SEGMENT ALLOCATION MAP

run origin  load origin   length   init length attrs members
----------  ----------- ---------- ----------- ----- -------
00000000    00000000    00000714   00000714    r-x
  00000000    00000000    0000026c   0000026c    r-- .intvecs
  0000026c    0000026c    00000492   00000492    r-x .text
  00000700    00000700    00000014   00000014    r-- .cinit
20000000    20000000    00000228   00000000    rw-
  20000000    20000000    00000200   00000000    rw- .stack
  20000200    20000200    00000028   00000000    rw- .bss


SECTION ALLOCATION MAP

 output                                  attributes/
section   page    origin      length       input sections
--------  ----  ----------  ----------   ----------------
.intvecs   0    00000000    0000026c     
                  00000000    0000026c     tm4c1230c3pm_startup_ccs.obj (.intvecs)

.text      0    0000026c    00000492     
                  0000026c    00000124     Timers.obj (.text)
                  00000390    000000f4     driverlib.lib : sysctl.obj (.text:SysCtlClockSet)
                  00000484    000000d4     main.obj (.text)
                  00000558    00000060     driverlib.lib : timer.obj (.text:TimerConfigure)
                  000005b8    00000044     rtsv7M4_T_le_v4SPD16_eabi.lib : autoinit.c.obj (.text:__TI_auto_init_nobinit_nopinit:__TI_auto_init_nobinit_nopinit)
                  000005fc    00000038                                   : boot_cortex_m.c.obj (.text:_c_int00_noargs:_c_int00_noargs)
                  00000634    00000034     driverlib.lib : sysctl.obj (.text:SysCtlPeripheralEnable)
                  00000668    00000018                   : timer.obj (.text:TimerDisable)
                  00000680    00000012                   : timer.obj (.text:TimerLoadSet)
                  00000692    00000012                   : timer.obj (.text:TimerPrescaleSet)
                  000006a4    00000012     rtsv7M4_T_le_v4SPD16_eabi.lib : copy_zero_init.c.obj (.text:decompress:ZI:__TI_zero_init_nomemset:__TI_zero_init_nomemset)
                  000006b6    00000010     driverlib.lib : interrupt.obj (.text:IntMasterEnable)
                  000006c6    0000000e                   : timer.obj (.text:TimerEnable)
                  000006d4    0000000c                   : cpu.obj (.text:CPUcpsie)
                  000006e0    0000000c     tm4c1230c3pm_startup_ccs.obj (.text)
                  000006ec    00000006     driverlib.lib : sysctl.obj (.text:SysCtlDelay)
                  000006f2    00000004                   : timer.obj (.text:TimerIntClear)
                  000006f6    00000004     rtsv7M4_T_le_v4SPD16_eabi.lib : pre_init.c.obj (.text:_system_pre_init)
                  000006fa    00000004                                   : exit.c.obj (.text:abort:abort)

.cinit     0    00000700    00000014     
                  00000700    00000008     (.cinit..bss.load) [load image, compression = zero_init]
                  00000708    00000004     (__TI_handler_table)
                  0000070c    00000008     (__TI_cinit_table)

.init_array 
*          0    00000000    00000000     UNINITIALIZED

.bss       0    20000200    00000028     UNINITIALIZED
                  20000200    00000014     (.common:atim0)
                  20000214    00000014     (.common:atim1)

.stack     0    20000000    00000200     UNINITIALIZED
                  20000000    00000004     rtsv7M4_T_le_v4SPD16_eabi.lib : boot_cortex_m.c.obj (.stack)
                  20000004    000001fc     --HOLE--

MODULE SUMMARY

       Module                         code   ro data   rw data
       ------                         ----   -------   -------
    .\
       tm4c1230c3pm_startup_ccs.obj   12     620       0      
    +--+------------------------------+------+---------+---------+
       Total:                         12     620       0      
                                                              
    .\src\
       Timers.obj                     292    0         0      
       main.obj                       212    0         40     
    +--+------------------------------+------+---------+---------+
       Total:                         504    0         40     
                                                              
    D:/ti/TIVA/driverlib/ccs/Debug/driverlib.lib
       sysctl.obj                     302    0         0      
       timer.obj                      174    0         0      
       interrupt.obj                  16     0         0      
       cpu.obj                        12     0         0      
    +--+------------------------------+------+---------+---------+
       Total:                         504    0         0      
                                                              
    D:\Program Files\ti\ccsv8\tools\compiler\ti-cgt-arm_18.1.2.LTS\lib\rtsv7M4_T_le_v4SPD16_eabi.lib
       autoinit.c.obj                 68     0         0      
       boot_cortex_m.c.obj            56     0         0      
       copy_zero_init.c.obj           18     0         0      
       exit.c.obj                     4      0         0      
       pre_init.c.obj                 4      0         0      
    +--+------------------------------+------+---------+---------+
       Total:                         150    0         0      
                                                              
       Stack:                         0      0         512    
       Linker Generated:              0      20        0      
    +--+------------------------------+------+---------+---------+
       Grand Total:                   1170   640       552    


LINKER GENERATED COPY TABLES

__TI_cinit_table @ 0000070c records: 1, size/record: 8, table size: 8
	.bss: load addr=00000700, load size=00000008 bytes, run addr=20000200, run size=00000028 bytes, compression=zero_init


LINKER GENERATED HANDLER TABLE

__TI_handler_table @ 00000708 records: 1, size/record: 4, table size: 4
	index: 0, handler: __TI_zero_init


GLOBAL SYMBOLS: SORTED ALPHABETICALLY BY Name 

address   name                          
-------   ----                          
00000485  AL_TIM                        
000006fb  C$$EXIT                       
000006d5  CPUcpsie                      
000006b7  IntMasterEnable               
000006e1  ResetISR                      
0000034f  SetValueCount                 
00000339  SetValuePresceler             
00000391  SysCtlClockSet                
000006ed  SysCtlDelay                   
00000635  SysCtlPeripheralEnable        
0000026d  TIM_Init                      
000002d9  TIM_ToggleStatus              
00000365  Timer0BIntHandler             
00000559  TimerConfigure                
00000669  TimerDisable                  
000006c7  TimerEnable                   
000006f3  TimerIntClear                 
00000681  TimerLoadSet                  
00000693  TimerPrescaleSet              
00000309  ToggleInterrupt               
20000200  __STACK_END                   
00000200  __STACK_SIZE                  
20000200  __STACK_TOP                   
0000070c  __TI_CINIT_Base               
00000714  __TI_CINIT_Limit              
00000708  __TI_Handler_Table_Base       
0000070c  __TI_Handler_Table_Limit      
000005b9  __TI_auto_init_nobinit_nopinit
ffffffff  __TI_pprof_out_hndl           
ffffffff  __TI_prof_data_size           
ffffffff  __TI_prof_data_start          
00000000  __TI_static_base__            
000006a5  __TI_zero_init_nomemset       
ffffffff  __binit__                     
ffffffff  __c_args__                    
UNDEFED   __mpu_init                    
20000000  __stack                       
000005fd  _c_int00_noargs               
UNDEFED   _system_post_cinit            
000006f7  _system_pre_init              
000006fb  abort                         
20000200  atim0                         
20000214  atim1                         
ffffffff  binit                         
00000000  g_pfnVectors                  
000004cf  main                          


GLOBAL SYMBOLS: SORTED BY Symbol Address 

address   name                          
-------   ----                          
00000000  __TI_static_base__            
00000000  g_pfnVectors                  
00000200  __STACK_SIZE                  
0000026d  TIM_Init                      
000002d9  TIM_ToggleStatus              
00000309  ToggleInterrupt               
00000339  SetValuePresceler             
0000034f  SetValueCount                 
00000365  Timer0BIntHandler             
00000391  SysCtlClockSet                
00000485  AL_TIM                        
000004cf  main                          
00000559  TimerConfigure                
000005b9  __TI_auto_init_nobinit_nopinit
000005fd  _c_int00_noargs               
00000635  SysCtlPeripheralEnable        
00000669  TimerDisable                  
00000681  TimerLoadSet                  
00000693  TimerPrescaleSet              
000006a5  __TI_zero_init_nomemset       
000006b7  IntMasterEnable               
000006c7  TimerEnable                   
000006d5  CPUcpsie                      
000006e1  ResetISR                      
000006ed  SysCtlDelay                   
000006f3  TimerIntClear                 
000006f7  _system_pre_init              
000006fb  C$$EXIT                       
000006fb  abort                         
00000708  __TI_Handler_Table_Base       
0000070c  __TI_CINIT_Base               
0000070c  __TI_Handler_Table_Limit      
00000714  __TI_CINIT_Limit              
20000000  __stack                       
20000200  __STACK_END                   
20000200  __STACK_TOP                   
20000200  atim0                         
20000214  atim1                         
ffffffff  __TI_pprof_out_hndl           
ffffffff  __TI_prof_data_size           
ffffffff  __TI_prof_data_start          
ffffffff  __binit__                     
ffffffff  __c_args__                    
ffffffff  binit                         
UNDEFED   __mpu_init                    
UNDEFED   _system_post_cinit            

[46 symbols]
