******************************************************************************
                  TI ARM Linker PC v18.1.2                     
******************************************************************************
>> Linked Fri Sep 21 12:04:47 2018

OUTPUT FILE NAME:   <AL_Timers.out>
ENTRY POINT SYMBOL: "_c_int00_noargs"  address: 00000a61


MEMORY CONFIGURATION

         name            origin    length      used     unused   attr    fill
----------------------  --------  ---------  --------  --------  ----  --------
  FLASH                 00000000   00008000  00000ce4  0000731c  R  X
  SRAM                  20000000   00003000  0000046c  00002b94  RW X


SEGMENT ALLOCATION MAP

run origin  load origin   length   init length attrs members
----------  ----------- ---------- ----------- ----- -------
00000000    00000000    00000ce4   00000ce4    r-x
  00000000    00000000    0000026c   0000026c    r-- .intvecs
  0000026c    0000026c    00000954   00000954    r-x .text
  00000bc0    00000bc0    00000110   00000110    r-- .const
  00000cd0    00000cd0    00000014   00000014    r-- .cinit
20000000    20000000    00000470   00000000    rw-
  20000000    20000000    0000026c   00000000    rw- .vtable
  20000270    20000270    00000200   00000000    rw- .stack


SECTION ALLOCATION MAP

 output                                  attributes/
section   page    origin      length       input sections
--------  ----  ----------  ----------   ----------------
.intvecs   0    00000000    0000026c     
                  00000000    0000026c     tm4c1230c3pm_startup_ccs.obj (.intvecs)

.text      0    0000026c    00000954     
                  0000026c    0000044c     Timers.obj (.text)
                  000006b8    000000f4     driverlib.lib : sysctl.obj (.text:SysCtlClockSet)
                  000007ac    000000f4     main.obj (.text)
                  000008a0    00000068     driverlib.lib : interrupt.obj (.text:IntDisable)
                  00000908    00000068                   : interrupt.obj (.text:IntEnable)
                  00000970    00000060                   : timer.obj (.text:TimerConfigure)
                  000009d0    0000004c                   : timer.obj (.text:_TimerIntNumberGet)
                  00000a1c    00000044     rtsv7M4_T_le_v4SPD16_eabi.lib : autoinit.c.obj (.text:__TI_auto_init_nobinit_nopinit:__TI_auto_init_nobinit_nopinit)
                  00000a60    00000038                                   : boot_cortex_m.c.obj (.text:_c_int00_noargs:_c_int00_noargs)
                  00000a98    00000034     driverlib.lib : interrupt.obj (.text:IntRegister)
                  00000acc    00000034                   : sysctl.obj (.text:SysCtlPeripheralEnable)
                  00000b00    00000018                   : timer.obj (.text:TimerDisable)
                  00000b18    00000018                   : timer.obj (.text:TimerIntRegister)
                  00000b30    00000012                   : timer.obj (.text:TimerLoadSet)
                  00000b42    00000012                   : timer.obj (.text:TimerPrescaleSet)
                  00000b54    00000012     rtsv7M4_T_le_v4SPD16_eabi.lib : copy_zero_init.c.obj (.text:decompress:ZI:__TI_zero_init_nomemset:__TI_zero_init_nomemset)
                  00000b66    00000010     driverlib.lib : interrupt.obj (.text:IntMasterEnable)
                  00000b76    0000000e                   : timer.obj (.text:TimerEnable)
                  00000b84    0000000c                   : cpu.obj (.text:CPUcpsie)
                  00000b90    0000000c     tm4c1230c3pm_startup_ccs.obj (.text)
                  00000b9c    0000000a     driverlib.lib : timer.obj (.text:TimerIntDisable)
                  00000ba6    00000008                   : timer.obj (.text:TimerIntEnable)
                  00000bae    00000006                   : sysctl.obj (.text:SysCtlDelay)
                  00000bb4    00000004                   : timer.obj (.text:TimerIntClear)
                  00000bb8    00000004     rtsv7M4_T_le_v4SPD16_eabi.lib : pre_init.c.obj (.text:_system_pre_init)
                  00000bbc    00000004                                   : exit.c.obj (.text:abort:abort)

.const     0    00000bc0    00000110     
                  00000bc0    00000070     driverlib.lib : interrupt.obj (.const)
                  00000c30    00000060                   : timer.obj (.const:g_ppui32TimerIntMap)
                  00000c90    00000040                   : timer.obj (.const:g_ppui32TimerIntMapSnowflake)

.cinit     0    00000cd0    00000014     
                  00000cd0    00000008     (.cinit..vtable.load) [load image, compression = zero_init]
                  00000cd8    00000004     (__TI_handler_table)
                  00000cdc    00000008     (__TI_cinit_table)

.init_array 
*          0    00000000    00000000     UNINITIALIZED

.vtable    0    20000000    0000026c     UNINITIALIZED
                  20000000    0000026c     driverlib.lib : interrupt.obj (.vtable)

.stack     0    20000270    00000200     UNINITIALIZED
                  20000270    00000004     rtsv7M4_T_le_v4SPD16_eabi.lib : boot_cortex_m.c.obj (.stack)
                  20000274    000001fc     --HOLE--

MODULE SUMMARY

       Module                         code   ro data   rw data
       ------                         ----   -------   -------
    .\
       tm4c1230c3pm_startup_ccs.obj   12     620       0      
    +--+------------------------------+------+---------+---------+
       Total:                         12     620       0      
                                                              
    .\src\
       Timers.obj                     1100   0         0      
       main.obj                       244    0         0      
    +--+------------------------------+------+---------+---------+
       Total:                         1344   0         0      
                                                              
    D:/ti/TIVA/driverlib/ccs/Debug/driverlib.lib
       interrupt.obj                  276    112       620    
       timer.obj                      292    160       0      
       sysctl.obj                     302    0         0      
       cpu.obj                        12     0         0      
    +--+------------------------------+------+---------+---------+
       Total:                         882    272       620    
                                                              
    D:\Program Files\ti\ccsv8\tools\compiler\ti-cgt-arm_18.1.2.LTS\lib\rtsv7M4_T_le_v4SPD16_eabi.lib
       autoinit.c.obj                 68     0         0      
       boot_cortex_m.c.obj            56     0         0      
       copy_zero_init.c.obj           18     0         0      
       exit.c.obj                     4      0         0      
       pre_init.c.obj                 4      0         0      
    +--+------------------------------+------+---------+---------+
       Total:                         150    0         0      
                                                              
       Stack:                         0      0         512    
       Linker Generated:              0      20        0      
    +--+------------------------------+------+---------+---------+
       Grand Total:                   2388   912       1132   


LINKER GENERATED COPY TABLES

__TI_cinit_table @ 00000cdc records: 1, size/record: 8, table size: 8
	.vtable: load addr=00000cd0, load size=00000008 bytes, run addr=20000000, run size=0000026c bytes, compression=zero_init


LINKER GENERATED HANDLER TABLE

__TI_handler_table @ 00000cd8 records: 1, size/record: 4, table size: 4
	index: 0, handler: __TI_zero_init


GLOBAL SYMBOLS: SORTED ALPHABETICALLY BY Name 

address   name                          
-------   ----                          
000007ad  AL_TIM                        
00000bbd  C$$EXIT                       
00000b85  CPUcpsie                      
000008a1  IntDisable                    
00000909  IntEnable                     
00000b67  IntMasterEnable               
00000a99  IntRegister                   
000005e5  RegisterInterrupt             
00000b91  ResetISR                      
000005c3  SetValueCount                 
000005ad  SetValuePresceler             
000006b9  SysCtlClockSet                
00000baf  SysCtlDelay                   
00000acd  SysCtlPeripheralEnable        
000004d1  TIM_Init                      
0000053d  TIM_ToggleStatus              
0000026d  Timer0BIntHandler             
000002d3  Timer1BIntHandler             
00000339  Timer2BIntHandler             
0000039f  Timer3BIntHandler             
00000405  Timer4BIntHandler             
0000046b  Timer5BIntHandler             
00000971  TimerConfigure                
00000b01  TimerDisable                  
00000b77  TimerEnable                   
00000bb5  TimerIntClear                 
00000b9d  TimerIntDisable               
00000ba7  TimerIntEnable                
00000b19  TimerIntRegister              
00000b31  TimerLoadSet                  
00000b43  TimerPrescaleSet              
0000056d  ToggleInterrupt               
20000470  __STACK_END                   
00000200  __STACK_SIZE                  
20000470  __STACK_TOP                   
00000cdc  __TI_CINIT_Base               
00000ce4  __TI_CINIT_Limit              
00000cd8  __TI_Handler_Table_Base       
00000cdc  __TI_Handler_Table_Limit      
00000a1d  __TI_auto_init_nobinit_nopinit
ffffffff  __TI_pprof_out_hndl           
ffffffff  __TI_prof_data_size           
ffffffff  __TI_prof_data_start          
00000000  __TI_static_base__            
00000b55  __TI_zero_init_nomemset       
ffffffff  __binit__                     
ffffffff  __c_args__                    
UNDEFED   __mpu_init                    
20000270  __stack                       
00000a61  _c_int00_noargs               
UNDEFED   _system_post_cinit            
00000bb9  _system_pre_init              
00000bbd  abort                         
ffffffff  binit                         
20000000  g_pfnRAMVectors               
00000000  g_pfnVectors                  
00000871  main                          


GLOBAL SYMBOLS: SORTED BY Symbol Address 

address   name                          
-------   ----                          
00000000  __TI_static_base__            
00000000  g_pfnVectors                  
00000200  __STACK_SIZE                  
0000026d  Timer0BIntHandler             
000002d3  Timer1BIntHandler             
00000339  Timer2BIntHandler             
0000039f  Timer3BIntHandler             
00000405  Timer4BIntHandler             
0000046b  Timer5BIntHandler             
000004d1  TIM_Init                      
0000053d  TIM_ToggleStatus              
0000056d  ToggleInterrupt               
000005ad  SetValuePresceler             
000005c3  SetValueCount                 
000005e5  RegisterInterrupt             
000006b9  SysCtlClockSet                
000007ad  AL_TIM                        
00000871  main                          
000008a1  IntDisable                    
00000909  IntEnable                     
00000971  TimerConfigure                
00000a1d  __TI_auto_init_nobinit_nopinit
00000a61  _c_int00_noargs               
00000a99  IntRegister                   
00000acd  SysCtlPeripheralEnable        
00000b01  TimerDisable                  
00000b19  TimerIntRegister              
00000b31  TimerLoadSet                  
00000b43  TimerPrescaleSet              
00000b55  __TI_zero_init_nomemset       
00000b67  IntMasterEnable               
00000b77  TimerEnable                   
00000b85  CPUcpsie                      
00000b91  ResetISR                      
00000b9d  TimerIntDisable               
00000ba7  TimerIntEnable                
00000baf  SysCtlDelay                   
00000bb5  TimerIntClear                 
00000bb9  _system_pre_init              
00000bbd  C$$EXIT                       
00000bbd  abort                         
00000cd8  __TI_Handler_Table_Base       
00000cdc  __TI_CINIT_Base               
00000cdc  __TI_Handler_Table_Limit      
00000ce4  __TI_CINIT_Limit              
20000000  g_pfnRAMVectors               
20000270  __stack                       
20000470  __STACK_END                   
20000470  __STACK_TOP                   
ffffffff  __TI_pprof_out_hndl           
ffffffff  __TI_prof_data_size           
ffffffff  __TI_prof_data_start          
ffffffff  __binit__                     
ffffffff  __c_args__                    
ffffffff  binit                         
UNDEFED   __mpu_init                    
UNDEFED   _system_post_cinit            

[57 symbols]
