******************************************************************************
                  TI ARM Linker PC v18.1.2                     
******************************************************************************
>> Linked Mon Oct  8 15:53:10 2018

OUTPUT FILE NAME:   <SSI_MasterSPI.out>
ENTRY POINT SYMBOL: "_c_int00_noinit_noargs"  address: 0000091d


MEMORY CONFIGURATION

         name            origin    length      used     unused   attr    fill
----------------------  --------  ---------  --------  --------  ----  --------
  FLASH                 00000000   00040000  00000acc  0003f534  R  X
  SRAM                  20000000   00008000  00000200  00007e00  RW X


SEGMENT ALLOCATION MAP

run origin  load origin   length   init length attrs members
----------  ----------- ---------- ----------- ----- -------
00000000    00000000    00000acc   00000acc    r-x
  00000000    00000000    0000026c   0000026c    r-- .intvecs
  0000026c    0000026c    00000764   00000764    r-x .text
  000009d0    000009d0    000000fc   000000fc    r-- .const
20000000    20000000    00000200   00000000    rw-
  20000000    20000000    00000200   00000000    rw- .stack


SECTION ALLOCATION MAP

 output                                  attributes/
section   page    origin      length       input sections
--------  ----  ----------  ----------   ----------------
.intvecs   0    00000000    0000026c     
                  00000000    0000026c     tm4c123gh6pm_startup_ccs.obj (.intvecs)

.text      0    0000026c    00000764     
                  0000026c    000002c0     main.obj (.text)
                  0000052c    00000132     driverlib.lib : gpio.obj (.text:GPIOPadConfigSet)
                  0000065e    00000002     --HOLE-- [fill = 0]
                  00000660    00000110                   : sysctl.obj (.text:SysCtlClockGet)
                  00000770    000000f4                   : sysctl.obj (.text:SysCtlClockSet)
                  00000864    00000048                   : gpio.obj (.text:GPIOPinConfigure)
                  000008ac    0000003c                   : ssi.obj (.text:SSIConfigSetExpClk)
                  000008e8    00000034                   : sysctl.obj (.text:SysCtlPeripheralEnable)
                  0000091c    00000030     rtsv7M4_T_le_v4SPD16_eabi.lib : boot_cortex_m.c.obj (.text:_c_int00_noinit_noargs:_c_int00_noinit_noargs)
                  0000094c    0000002a     driverlib.lib : gpio.obj (.text:GPIODirModeSet)
                  00000976    00000012                   : gpio.obj (.text:GPIOPinTypeSSI)
                  00000988    00000012                   : ssi.obj (.text:SSIDataGetNonBlocking)
                  0000099a    0000000c     tm4c123gh6pm_startup_ccs.obj (.text)
                  000009a6    0000000a     driverlib.lib : ssi.obj (.text:SSIDataPut)
                  000009b0    0000000a                   : ssi.obj (.text:SSIEnable)
                  000009ba    00000008                   : ssi.obj (.text:SSIBusy)
                  000009c2    00000006                   : sysctl.obj (.text:SysCtlDelay)
                  000009c8    00000004     rtsv7M4_T_le_v4SPD16_eabi.lib : pre_init.c.obj (.text:_system_pre_init)
                  000009cc    00000004                                   : exit.c.obj (.text:abort:abort)

.const     0    000009d0    000000fc     
                  000009d0    00000090     driverlib.lib : gpio.obj (.const:g_pui32GPIOBaseAddrs)
                  00000a60    0000006c                   : sysctl.obj (.const:g_pui32Xtals)

.cinit     0    00000000    00000000     UNINITIALIZED

.init_array 
*          0    00000000    00000000     UNINITIALIZED

.stack     0    20000000    00000200     UNINITIALIZED
                  20000000    00000004     rtsv7M4_T_le_v4SPD16_eabi.lib : boot_cortex_m.c.obj (.stack)
                  20000004    000001fc     --HOLE--

MODULE SUMMARY

       Module                         code   ro data   rw data
       ------                         ----   -------   -------
    .\
       tm4c123gh6pm_startup_ccs.obj   12     620       0      
    +--+------------------------------+------+---------+---------+
       Total:                         12     620       0      
                                                              
    .\src\
       main.obj                       704    0         0      
    +--+------------------------------+------+---------+---------+
       Total:                         704    0         0      
                                                              
    D:/ti/TIVA/driverlib/ccs/Debug/driverlib.lib
       sysctl.obj                     574    108       0      
       gpio.obj                       438    144       0      
       ssi.obj                        106    0         0      
    +--+------------------------------+------+---------+---------+
       Total:                         1118   252       0      
                                                              
    D:\Program Files\ti\ccsv8\tools\compiler\ti-cgt-arm_18.1.2.LTS\lib\rtsv7M4_T_le_v4SPD16_eabi.lib
       boot_cortex_m.c.obj            48     0         0      
       exit.c.obj                     4      0         0      
       pre_init.c.obj                 4      0         0      
    +--+------------------------------+------+---------+---------+
       Total:                         56     0         0      
                                                              
       Stack:                         0      0         512    
    +--+------------------------------+------+---------+---------+
       Grand Total:                   1890   872       512    


GLOBAL SYMBOLS: SORTED ALPHABETICALLY BY Name 

address   name                  
-------   ----                  
000009cd  C$$EXIT               
0000094d  GPIODirModeSet        
0000052d  GPIOPadConfigSet      
00000865  GPIOPinConfigure      
00000977  GPIOPinTypeSSI        
0000026d  InitPeripheral        
0000037f  LTC2664IUH_SendCommand
0000033b  LTC2664IUH_SendData   
0000099b  ResetISR              
000009bb  SSIBusy               
000008ad  SSIConfigSetExpClk    
00000989  SSIDataGetNonBlocking 
000009a7  SSIDataPut            
000009b1  SSIEnable             
000002cb  SSI_GetValueSPI       
0000031b  SSI_SendSPI           
000002dd  SSI_SendbufSPI        
00000329  SendByteSPI           
00000661  SysCtlClockGet        
00000771  SysCtlClockSet        
000009c3  SysCtlDelay           
000008e9  SysCtlPeripheralEnable
20000200  __STACK_END           
00000200  __STACK_SIZE          
20000200  __STACK_TOP           
ffffffff  __TI_pprof_out_hndl   
ffffffff  __TI_prof_data_size   
ffffffff  __TI_prof_data_start  
00000000  __TI_static_base__    
ffffffff  __binit__             
ffffffff  __c_args__            
UNDEFED   __mpu_init            
20000000  __stack               
0000091d  _c_int00_noinit_noargs
000009c9  _system_pre_init      
000009cd  abort                 
ffffffff  binit                 
00000000  g_pfnVectors          
00000511  main                  


GLOBAL SYMBOLS: SORTED BY Symbol Address 

address   name                  
-------   ----                  
00000000  __TI_static_base__    
00000000  g_pfnVectors          
00000200  __STACK_SIZE          
0000026d  InitPeripheral        
000002cb  SSI_GetValueSPI       
000002dd  SSI_SendbufSPI        
0000031b  SSI_SendSPI           
00000329  SendByteSPI           
0000033b  LTC2664IUH_SendData   
0000037f  LTC2664IUH_SendCommand
00000511  main                  
0000052d  GPIOPadConfigSet      
00000661  SysCtlClockGet        
00000771  SysCtlClockSet        
00000865  GPIOPinConfigure      
000008ad  SSIConfigSetExpClk    
000008e9  SysCtlPeripheralEnable
0000091d  _c_int00_noinit_noargs
0000094d  GPIODirModeSet        
00000977  GPIOPinTypeSSI        
00000989  SSIDataGetNonBlocking 
0000099b  ResetISR              
000009a7  SSIDataPut            
000009b1  SSIEnable             
000009bb  SSIBusy               
000009c3  SysCtlDelay           
000009c9  _system_pre_init      
000009cd  C$$EXIT               
000009cd  abort                 
20000000  __stack               
20000200  __STACK_END           
20000200  __STACK_TOP           
ffffffff  __TI_pprof_out_hndl   
ffffffff  __TI_prof_data_size   
ffffffff  __TI_prof_data_start  
ffffffff  __binit__             
ffffffff  __c_args__            
ffffffff  binit                 
UNDEFED   __mpu_init            

[39 symbols]
