******************************************************************************
                  TI ARM Linker PC v18.1.2                     
******************************************************************************
>> Linked Wed Oct 10 19:16:31 2018

OUTPUT FILE NAME:   <SSI_MasterSPI.out>
ENTRY POINT SYMBOL: "_c_int00_noinit_noargs"  address: 000006d9


MEMORY CONFIGURATION

         name            origin    length      used     unused   attr    fill
----------------------  --------  ---------  --------  --------  ----  --------
  FLASH                 00000000   00040000  00000864  0003f79c  R  X
  SRAM                  20000000   00008000  00000200  00007e00  RW X


SEGMENT ALLOCATION MAP

run origin  load origin   length   init length attrs members
----------  ----------- ---------- ----------- ----- -------
00000000    00000000    00000864   00000864    r-x
  00000000    00000000    0000026c   0000026c    r-- .intvecs
  0000026c    0000026c    000004fc   000004fc    r-x .text
  00000768    00000768    000000fc   000000fc    r-- .const
20000000    20000000    00000200   00000000    rw-
  20000000    20000000    00000200   00000000    rw- .stack


SECTION ALLOCATION MAP

 output                                  attributes/
section   page    origin      length       input sections
--------  ----  ----------  ----------   ----------------
.intvecs   0    00000000    0000026c     
                  00000000    0000026c     tm4c123gh6pm_startup_ccs.obj (.intvecs)

.text      0    0000026c    000004fc     
                  0000026c    00000132     driverlib.lib : gpio.obj (.text:GPIOPadConfigSet)
                  0000039e    00000002     --HOLE-- [fill = 0]
                  000003a0    00000110                   : sysctl.obj (.text:SysCtlClockGet)
                  000004b0    000000f4                   : sysctl.obj (.text:SysCtlClockSet)
                  000005a4    0000007c     main.obj (.text)
                  00000620    00000048     driverlib.lib : gpio.obj (.text:GPIOPinConfigure)
                  00000668    0000003c                   : ssi.obj (.text:SSIConfigSetExpClk)
                  000006a4    00000034                   : sysctl.obj (.text:SysCtlPeripheralEnable)
                  000006d8    00000030     rtsv7M4_T_le_v4SPD16_eabi.lib : boot_cortex_m.c.obj (.text:_c_int00_noinit_noargs:_c_int00_noinit_noargs)
                  00000708    0000002a     driverlib.lib : gpio.obj (.text:GPIODirModeSet)
                  00000732    00000012                   : gpio.obj (.text:GPIOPinTypeSSI)
                  00000744    0000000c     tm4c123gh6pm_startup_ccs.obj (.text)
                  00000750    0000000a     driverlib.lib : ssi.obj (.text:SSIEnable)
                  0000075a    00000006                   : sysctl.obj (.text:SysCtlDelay)
                  00000760    00000004     rtsv7M4_T_le_v4SPD16_eabi.lib : pre_init.c.obj (.text:_system_pre_init)
                  00000764    00000004                                   : exit.c.obj (.text:abort:abort)

.const     0    00000768    000000fc     
                  00000768    00000090     driverlib.lib : gpio.obj (.const:g_pui32GPIOBaseAddrs)
                  000007f8    0000006c                   : sysctl.obj (.const:g_pui32Xtals)

.cinit     0    00000000    00000000     UNINITIALIZED

.init_array 
*          0    00000000    00000000     UNINITIALIZED

.stack     0    20000000    00000200     UNINITIALIZED
                  20000000    00000004     rtsv7M4_T_le_v4SPD16_eabi.lib : boot_cortex_m.c.obj (.stack)
                  20000004    000001fc     --HOLE--

MODULE SUMMARY

       Module                         code   ro data   rw data
       ------                         ----   -------   -------
    .\
       tm4c123gh6pm_startup_ccs.obj   12     620       0      
    +--+------------------------------+------+---------+---------+
       Total:                         12     620       0      
                                                              
    .\src\
       main.obj                       124    0         0      
    +--+------------------------------+------+---------+---------+
       Total:                         124    0         0      
                                                              
    D:/ti/TIVA/driverlib/ccs/Debug/driverlib.lib
       sysctl.obj                     574    108       0      
       gpio.obj                       438    144       0      
       ssi.obj                        70     0         0      
    +--+------------------------------+------+---------+---------+
       Total:                         1082   252       0      
                                                              
    D:\Program Files\ti\ccsv8\tools\compiler\ti-cgt-arm_18.1.2.LTS\lib\rtsv7M4_T_le_v4SPD16_eabi.lib
       boot_cortex_m.c.obj            48     0         0      
       exit.c.obj                     4      0         0      
       pre_init.c.obj                 4      0         0      
    +--+------------------------------+------+---------+---------+
       Total:                         56     0         0      
                                                              
       Stack:                         0      0         512    
    +--+------------------------------+------+---------+---------+
       Grand Total:                   1274   872       512    


GLOBAL SYMBOLS: SORTED ALPHABETICALLY BY Name 

address   name                  
-------   ----                  
00000765  C$$EXIT               
00000709  GPIODirModeSet        
0000026d  GPIOPadConfigSet      
00000621  GPIOPinConfigure      
00000733  GPIOPinTypeSSI        
000005a5  InitPeripheral        
00000745  ResetISR              
00000669  SSIConfigSetExpClk    
00000751  SSIEnable             
000003a1  SysCtlClockGet        
000004b1  SysCtlClockSet        
0000075b  SysCtlDelay           
000006a5  SysCtlPeripheralEnable
20000200  __STACK_END           
00000200  __STACK_SIZE          
20000200  __STACK_TOP           
ffffffff  __TI_pprof_out_hndl   
ffffffff  __TI_prof_data_size   
ffffffff  __TI_prof_data_start  
00000000  __TI_static_base__    
ffffffff  __binit__             
ffffffff  __c_args__            
UNDEFED   __mpu_init            
20000000  __stack               
000006d9  _c_int00_noinit_noargs
00000761  _system_pre_init      
00000765  abort                 
ffffffff  binit                 
00000000  g_pfnVectors          
00000603  main                  


GLOBAL SYMBOLS: SORTED BY Symbol Address 

address   name                  
-------   ----                  
00000000  __TI_static_base__    
00000000  g_pfnVectors          
00000200  __STACK_SIZE          
0000026d  GPIOPadConfigSet      
000003a1  SysCtlClockGet        
000004b1  SysCtlClockSet        
000005a5  InitPeripheral        
00000603  main                  
00000621  GPIOPinConfigure      
00000669  SSIConfigSetExpClk    
000006a5  SysCtlPeripheralEnable
000006d9  _c_int00_noinit_noargs
00000709  GPIODirModeSet        
00000733  GPIOPinTypeSSI        
00000745  ResetISR              
00000751  SSIEnable             
0000075b  SysCtlDelay           
00000761  _system_pre_init      
00000765  C$$EXIT               
00000765  abort                 
20000000  __stack               
20000200  __STACK_END           
20000200  __STACK_TOP           
ffffffff  __TI_pprof_out_hndl   
ffffffff  __TI_prof_data_size   
ffffffff  __TI_prof_data_start  
ffffffff  __binit__             
ffffffff  __c_args__            
ffffffff  binit                 
UNDEFED   __mpu_init            

[30 symbols]
