******************************************************************************
                  TI ARM Linker PC v18.1.2                     
******************************************************************************
>> Linked Tue Oct  2 17:32:18 2018

OUTPUT FILE NAME:   <SSI_MasterSPI.out>
ENTRY POINT SYMBOL: "_c_int00_noinit_noargs"  address: 00000781


MEMORY CONFIGURATION

         name            origin    length      used     unused   attr    fill
----------------------  --------  ---------  --------  --------  ----  --------
  FLASH                 00000000   00040000  00000930  0003f6d0  R  X
  SRAM                  20000000   00008000  00000200  00007e00  RW X


SEGMENT ALLOCATION MAP

run origin  load origin   length   init length attrs members
----------  ----------- ---------- ----------- ----- -------
00000000    00000000    00000930   00000930    r-x
  00000000    00000000    0000026c   0000026c    r-- .intvecs
  0000026c    0000026c    000005c8   000005c8    r-x .text
  00000834    00000834    000000fc   000000fc    r-- .const
20000000    20000000    00000200   00000000    rw-
  20000000    20000000    00000200   00000000    rw- .stack


SECTION ALLOCATION MAP

 output                                  attributes/
section   page    origin      length       input sections
--------  ----  ----------  ----------   ----------------
.intvecs   0    00000000    0000026c     
                  00000000    0000026c     tm4c123gh6pm_startup_ccs.obj (.intvecs)

.text      0    0000026c    000005c8     
                  0000026c    00000132     driverlib.lib : gpio.obj (.text:GPIOPadConfigSet)
                  0000039e    00000002     --HOLE-- [fill = 0]
                  000003a0    00000124     main.obj (.text)
                  000004c4    00000110     driverlib.lib : sysctl.obj (.text:SysCtlClockGet)
                  000005d4    000000f4                   : sysctl.obj (.text:SysCtlClockSet)
                  000006c8    00000048                   : gpio.obj (.text:GPIOPinConfigure)
                  00000710    0000003c                   : ssi.obj (.text:SSIConfigSetExpClk)
                  0000074c    00000034                   : sysctl.obj (.text:SysCtlPeripheralEnable)
                  00000780    00000030     rtsv7M4_T_le_v4SPD16_eabi.lib : boot_cortex_m.c.obj (.text:_c_int00_noinit_noargs:_c_int00_noinit_noargs)
                  000007b0    0000002a     driverlib.lib : gpio.obj (.text:GPIODirModeSet)
                  000007da    00000012                   : gpio.obj (.text:GPIOPinTypeSSI)
                  000007ec    00000012                   : ssi.obj (.text:SSIDataGetNonBlocking)
                  000007fe    0000000c     tm4c123gh6pm_startup_ccs.obj (.text)
                  0000080a    0000000a     driverlib.lib : ssi.obj (.text:SSIDataPut)
                  00000814    0000000a                   : ssi.obj (.text:SSIEnable)
                  0000081e    00000008                   : ssi.obj (.text:SSIBusy)
                  00000826    00000006                   : sysctl.obj (.text:SysCtlDelay)
                  0000082c    00000004     rtsv7M4_T_le_v4SPD16_eabi.lib : pre_init.c.obj (.text:_system_pre_init)
                  00000830    00000004                                   : exit.c.obj (.text:abort:abort)

.const     0    00000834    000000fc     
                  00000834    00000090     driverlib.lib : gpio.obj (.const:g_pui32GPIOBaseAddrs)
                  000008c4    0000006c                   : sysctl.obj (.const:g_pui32Xtals)

.cinit     0    00000000    00000000     UNINITIALIZED

.init_array 
*          0    00000000    00000000     UNINITIALIZED

.stack     0    20000000    00000200     UNINITIALIZED
                  20000000    00000004     rtsv7M4_T_le_v4SPD16_eabi.lib : boot_cortex_m.c.obj (.stack)
                  20000004    000001fc     --HOLE--

MODULE SUMMARY

       Module                         code   ro data   rw data
       ------                         ----   -------   -------
    .\
       tm4c123gh6pm_startup_ccs.obj   12     620       0      
    +--+------------------------------+------+---------+---------+
       Total:                         12     620       0      
                                                              
    .\src\
       main.obj                       292    0         0      
    +--+------------------------------+------+---------+---------+
       Total:                         292    0         0      
                                                              
    D:/ti/TIVA/driverlib/ccs/Debug/driverlib.lib
       sysctl.obj                     574    108       0      
       gpio.obj                       438    144       0      
       ssi.obj                        106    0         0      
    +--+------------------------------+------+---------+---------+
       Total:                         1118   252       0      
                                                              
    D:\Program Files\ti\ccsv8\tools\compiler\ti-cgt-arm_18.1.2.LTS\lib\rtsv7M4_T_le_v4SPD16_eabi.lib
       boot_cortex_m.c.obj            48     0         0      
       exit.c.obj                     4      0         0      
       pre_init.c.obj                 4      0         0      
    +--+------------------------------+------+---------+---------+
       Total:                         56     0         0      
                                                              
       Stack:                         0      0         512    
    +--+------------------------------+------+---------+---------+
       Grand Total:                   1478   872       512    


GLOBAL SYMBOLS: SORTED ALPHABETICALLY BY Name 

address   name                  
-------   ----                  
00000831  C$$EXIT               
000007b1  GPIODirModeSet        
0000026d  GPIOPadConfigSet      
000006c9  GPIOPinConfigure      
000007db  GPIOPinTypeSSI        
000003a1  InitPeripheral        
0000046f  LTC2664IUH_SendCommand
000007ff  ResetISR              
0000081f  SSIBusy               
00000711  SSIConfigSetExpClk    
000007ed  SSIDataGetNonBlocking 
0000080b  SSIDataPut            
00000815  SSIEnable             
000003ff  SSI_GetValueSPI       
0000044f  SSI_SendSPI           
00000411  SSI_SendbufSPI        
0000045d  SendByteSPI           
000004c5  SysCtlClockGet        
000005d5  SysCtlClockSet        
00000827  SysCtlDelay           
0000074d  SysCtlPeripheralEnable
20000200  __STACK_END           
00000200  __STACK_SIZE          
20000200  __STACK_TOP           
ffffffff  __TI_pprof_out_hndl   
ffffffff  __TI_prof_data_size   
ffffffff  __TI_prof_data_start  
00000000  __TI_static_base__    
ffffffff  __binit__             
ffffffff  __c_args__            
UNDEFED   __mpu_init            
20000000  __stack               
00000781  _c_int00_noinit_noargs
0000082d  _system_pre_init      
00000831  abort                 
ffffffff  binit                 
00000000  g_pfnVectors          
000004a9  main                  


GLOBAL SYMBOLS: SORTED BY Symbol Address 

address   name                  
-------   ----                  
00000000  __TI_static_base__    
00000000  g_pfnVectors          
00000200  __STACK_SIZE          
0000026d  GPIOPadConfigSet      
000003a1  InitPeripheral        
000003ff  SSI_GetValueSPI       
00000411  SSI_SendbufSPI        
0000044f  SSI_SendSPI           
0000045d  SendByteSPI           
0000046f  LTC2664IUH_SendCommand
000004a9  main                  
000004c5  SysCtlClockGet        
000005d5  SysCtlClockSet        
000006c9  GPIOPinConfigure      
00000711  SSIConfigSetExpClk    
0000074d  SysCtlPeripheralEnable
00000781  _c_int00_noinit_noargs
000007b1  GPIODirModeSet        
000007db  GPIOPinTypeSSI        
000007ed  SSIDataGetNonBlocking 
000007ff  ResetISR              
0000080b  SSIDataPut            
00000815  SSIEnable             
0000081f  SSIBusy               
00000827  SysCtlDelay           
0000082d  _system_pre_init      
00000831  C$$EXIT               
00000831  abort                 
20000000  __stack               
20000200  __STACK_END           
20000200  __STACK_TOP           
ffffffff  __TI_pprof_out_hndl   
ffffffff  __TI_prof_data_size   
ffffffff  __TI_prof_data_start  
ffffffff  __binit__             
ffffffff  __c_args__            
ffffffff  binit                 
UNDEFED   __mpu_init            

[38 symbols]
