******************************************************************************
                  TI ARM Linker PC v18.1.2                     
******************************************************************************
>> Linked Fri Oct  5 16:43:26 2018

OUTPUT FILE NAME:   <SSI_MasterSPI.out>
ENTRY POINT SYMBOL: "_c_int00_noinit_noargs"  address: 0000078d


MEMORY CONFIGURATION

         name            origin    length      used     unused   attr    fill
----------------------  --------  ---------  --------  --------  ----  --------
  FLASH                 00000000   00040000  0000093c  0003f6c4  R  X
  SRAM                  20000000   00008000  00000200  00007e00  RW X


SEGMENT ALLOCATION MAP

run origin  load origin   length   init length attrs members
----------  ----------- ---------- ----------- ----- -------
00000000    00000000    0000093c   0000093c    r-x
  00000000    00000000    0000026c   0000026c    r-- .intvecs
  0000026c    0000026c    000005d4   000005d4    r-x .text
  00000840    00000840    000000fc   000000fc    r-- .const
20000000    20000000    00000200   00000000    rw-
  20000000    20000000    00000200   00000000    rw- .stack


SECTION ALLOCATION MAP

 output                                  attributes/
section   page    origin      length       input sections
--------  ----  ----------  ----------   ----------------
.intvecs   0    00000000    0000026c     
                  00000000    0000026c     tm4c123gh6pm_startup_ccs.obj (.intvecs)

.text      0    0000026c    000005d4     
                  0000026c    00000132     driverlib.lib : gpio.obj (.text:GPIOPadConfigSet)
                  0000039e    00000002     --HOLE-- [fill = 0]
                  000003a0    00000130     main.obj (.text)
                  000004d0    00000110     driverlib.lib : sysctl.obj (.text:SysCtlClockGet)
                  000005e0    000000f4                   : sysctl.obj (.text:SysCtlClockSet)
                  000006d4    00000048                   : gpio.obj (.text:GPIOPinConfigure)
                  0000071c    0000003c                   : ssi.obj (.text:SSIConfigSetExpClk)
                  00000758    00000034                   : sysctl.obj (.text:SysCtlPeripheralEnable)
                  0000078c    00000030     rtsv7M4_T_le_v4SPD16_eabi.lib : boot_cortex_m.c.obj (.text:_c_int00_noinit_noargs:_c_int00_noinit_noargs)
                  000007bc    0000002a     driverlib.lib : gpio.obj (.text:GPIODirModeSet)
                  000007e6    00000012                   : gpio.obj (.text:GPIOPinTypeSSI)
                  000007f8    00000012                   : ssi.obj (.text:SSIDataGetNonBlocking)
                  0000080a    0000000c     tm4c123gh6pm_startup_ccs.obj (.text)
                  00000816    0000000a     driverlib.lib : ssi.obj (.text:SSIDataPut)
                  00000820    0000000a                   : ssi.obj (.text:SSIEnable)
                  0000082a    00000008                   : ssi.obj (.text:SSIBusy)
                  00000832    00000006                   : sysctl.obj (.text:SysCtlDelay)
                  00000838    00000004     rtsv7M4_T_le_v4SPD16_eabi.lib : pre_init.c.obj (.text:_system_pre_init)
                  0000083c    00000004                                   : exit.c.obj (.text:abort:abort)

.const     0    00000840    000000fc     
                  00000840    00000090     driverlib.lib : gpio.obj (.const:g_pui32GPIOBaseAddrs)
                  000008d0    0000006c                   : sysctl.obj (.const:g_pui32Xtals)

.cinit     0    00000000    00000000     UNINITIALIZED

.init_array 
*          0    00000000    00000000     UNINITIALIZED

.stack     0    20000000    00000200     UNINITIALIZED
                  20000000    00000004     rtsv7M4_T_le_v4SPD16_eabi.lib : boot_cortex_m.c.obj (.stack)
                  20000004    000001fc     --HOLE--

MODULE SUMMARY

       Module                         code   ro data   rw data
       ------                         ----   -------   -------
    .\
       tm4c123gh6pm_startup_ccs.obj   12     620       0      
    +--+------------------------------+------+---------+---------+
       Total:                         12     620       0      
                                                              
    .\src\
       main.obj                       304    0         0      
    +--+------------------------------+------+---------+---------+
       Total:                         304    0         0      
                                                              
    D:/ti/TIVA/driverlib/ccs/Debug/driverlib.lib
       sysctl.obj                     574    108       0      
       gpio.obj                       438    144       0      
       ssi.obj                        106    0         0      
    +--+------------------------------+------+---------+---------+
       Total:                         1118   252       0      
                                                              
    D:\Program Files\ti\ccsv8\tools\compiler\ti-cgt-arm_18.1.2.LTS\lib\rtsv7M4_T_le_v4SPD16_eabi.lib
       boot_cortex_m.c.obj            48     0         0      
       exit.c.obj                     4      0         0      
       pre_init.c.obj                 4      0         0      
    +--+------------------------------+------+---------+---------+
       Total:                         56     0         0      
                                                              
       Stack:                         0      0         512    
    +--+------------------------------+------+---------+---------+
       Grand Total:                   1490   872       512    


GLOBAL SYMBOLS: SORTED ALPHABETICALLY BY Name 

address   name                  
-------   ----                  
0000083d  C$$EXIT               
000007bd  GPIODirModeSet        
0000026d  GPIOPadConfigSet      
000006d5  GPIOPinConfigure      
000007e7  GPIOPinTypeSSI        
000003a1  InitPeripheral        
0000046f  LTC2664IUH_SendData   
0000080b  ResetISR              
0000082b  SSIBusy               
0000071d  SSIConfigSetExpClk    
000007f9  SSIDataGetNonBlocking 
00000817  SSIDataPut            
00000821  SSIEnable             
000003ff  SSI_GetValueSPI       
0000044f  SSI_SendSPI           
00000411  SSI_SendbufSPI        
0000045d  SendByteSPI           
000004d1  SysCtlClockGet        
000005e1  SysCtlClockSet        
00000833  SysCtlDelay           
00000759  SysCtlPeripheralEnable
20000200  __STACK_END           
00000200  __STACK_SIZE          
20000200  __STACK_TOP           
ffffffff  __TI_pprof_out_hndl   
ffffffff  __TI_prof_data_size   
ffffffff  __TI_prof_data_start  
00000000  __TI_static_base__    
ffffffff  __binit__             
ffffffff  __c_args__            
UNDEFED   __mpu_init            
20000000  __stack               
0000078d  _c_int00_noinit_noargs
00000839  _system_pre_init      
0000083d  abort                 
ffffffff  binit                 
00000000  g_pfnVectors          
000004b3  main                  


GLOBAL SYMBOLS: SORTED BY Symbol Address 

address   name                  
-------   ----                  
00000000  __TI_static_base__    
00000000  g_pfnVectors          
00000200  __STACK_SIZE          
0000026d  GPIOPadConfigSet      
000003a1  InitPeripheral        
000003ff  SSI_GetValueSPI       
00000411  SSI_SendbufSPI        
0000044f  SSI_SendSPI           
0000045d  SendByteSPI           
0000046f  LTC2664IUH_SendData   
000004b3  main                  
000004d1  SysCtlClockGet        
000005e1  SysCtlClockSet        
000006d5  GPIOPinConfigure      
0000071d  SSIConfigSetExpClk    
00000759  SysCtlPeripheralEnable
0000078d  _c_int00_noinit_noargs
000007bd  GPIODirModeSet        
000007e7  GPIOPinTypeSSI        
000007f9  SSIDataGetNonBlocking 
0000080b  ResetISR              
00000817  SSIDataPut            
00000821  SSIEnable             
0000082b  SSIBusy               
00000833  SysCtlDelay           
00000839  _system_pre_init      
0000083d  C$$EXIT               
0000083d  abort                 
20000000  __stack               
20000200  __STACK_END           
20000200  __STACK_TOP           
ffffffff  __TI_pprof_out_hndl   
ffffffff  __TI_prof_data_size   
ffffffff  __TI_prof_data_start  
ffffffff  __binit__             
ffffffff  __c_args__            
ffffffff  binit                 
UNDEFED   __mpu_init            

[38 symbols]
