******************************************************************************
                  TI ARM Linker PC v18.1.2                     
******************************************************************************
>> Linked Mon Oct  1 18:45:09 2018

OUTPUT FILE NAME:   <Project_watchDog.out>
ENTRY POINT SYMBOL: "_c_int00_noargs"  address: 000007c5


MEMORY CONFIGURATION

         name            origin    length      used     unused   attr    fill
----------------------  --------  ---------  --------  --------  ----  --------
  FLASH                 00000000   00100000  00000a2e  000ff5d2  R  X
  SRAM                  20000000   00040000  0000046d  0003fb93  RW X


SEGMENT ALLOCATION MAP

run origin  load origin   length   init length attrs members
----------  ----------- ---------- ----------- ----- -------
00000000    00000000    00000a30   00000a30    r-x
  00000000    00000000    00000208   00000208    r-- .intvecs
  00000208    00000208    0000071a   0000071a    r-x .text
  00000924    00000924    000000dc   000000dc    r-- .const
  00000a00    00000a00    00000030   00000030    r-- .cinit
20000000    20000000    00000470   00000000    rw-
  20000000    20000000    0000026c   00000000    rw- .vtable
  2000026c    2000026c    00000001   00000000    rw- .data
  20000270    20000270    00000200   00000000    rw- .stack


SECTION ALLOCATION MAP

 output                                  attributes/
section   page    origin      length       input sections
--------  ----  ----------  ----------   ----------------
.intvecs   0    00000000    00000208     
                  00000000    00000208     tm4c129xnczad_startup_ccs.obj (.intvecs)

.text      0    00000208    0000071a     
                  00000208    00000132     driverlib.lib : gpio.obj (.text:GPIOPadConfigSet)
                  0000033a    00000002     --HOLE-- [fill = 0]
                  0000033c    00000110                   : sysctl.obj (.text:SysCtlClockGet)
                  0000044c    000000f4                   : sysctl.obj (.text:SysCtlClockSet)
                  00000540    000000d4     main.obj (.text)
                  00000614    0000009c     rtsv7M4_T_le_v4SPD16_eabi.lib : memcpy_t2.asm.obj (.text)
                  000006b0    00000068     driverlib.lib : interrupt.obj (.text:IntEnable)
                  00000718    00000068     rtsv7M4_T_le_v4SPD16_eabi.lib : copy_decompress_lzss.c.obj (.text:decompress:lzss:__TI_decompress_lzss)
                  00000780    00000044                                   : autoinit.c.obj (.text:__TI_auto_init_nobinit_nopinit:__TI_auto_init_nobinit_nopinit)
                  000007c4    00000038                                   : boot_cortex_m.c.obj (.text:_c_int00_noargs:_c_int00_noargs)
                  000007fc    00000034     driverlib.lib : interrupt.obj (.text:IntRegister)
                  00000830    00000034                   : sysctl.obj (.text:SysCtlPeripheralEnable)
                  00000864    0000002a                   : gpio.obj (.text:GPIODirModeSet)
                  0000088e    00000018                   : gpio.obj (.text:GPIOPinTypeGPIOOutput)
                  000008a6    00000012                   : gpio.obj (.text:GPIOPinTypeGPIOInput)
                  000008b8    00000012     rtsv7M4_T_le_v4SPD16_eabi.lib : copy_zero_init.c.obj (.text:decompress:ZI:__TI_zero_init_nomemset:__TI_zero_init_nomemset)
                  000008ca    00000010     driverlib.lib : watchdog.obj (.text:WatchdogIntRegister)
                  000008da    0000000e     rtsv7M4_T_le_v4SPD16_eabi.lib : copy_decompress_none.c.obj (.text:decompress:none:__TI_decompress_none)
                  000008e8    0000000c     tm4c129xnczad_startup_ccs.obj (.text)
                  000008f4    0000000a     driverlib.lib : watchdog.obj (.text:WatchdogResetEnable)
                  000008fe    00000006                   : gpio.obj (.text:GPIOPinRead)
                  00000904    00000006                   : gpio.obj (.text:GPIOPinWrite)
                  0000090a    00000006                   : sysctl.obj (.text:SysCtlDelay)
                  00000910    00000006                   : watchdog.obj (.text:WatchdogIntClear)
                  00000916    00000004                   : watchdog.obj (.text:WatchdogReloadSet)
                  0000091a    00000004     rtsv7M4_T_le_v4SPD16_eabi.lib : pre_init.c.obj (.text:_system_pre_init)
                  0000091e    00000004                                   : exit.c.obj (.text:abort:abort)

.const     0    00000924    000000dc     
                  00000924    00000070     driverlib.lib : interrupt.obj (.const)
                  00000994    0000006c                   : sysctl.obj (.const:g_pui32Xtals)

.cinit     0    00000a00    00000030     
                  00000a00    0000000c     (__TI_handler_table)
                  00000a0c    00000004     --HOLE-- [fill = 0]
                  00000a10    00000008     (.cinit..vtable.load) [load image, compression = zero_init]
                  00000a18    00000005     (.cinit..data.load) [load image, compression = lzss]
                  00000a1d    00000003     --HOLE-- [fill = 0]
                  00000a20    00000010     (__TI_cinit_table)

.init_array 
*          0    00000000    00000000     UNINITIALIZED

.vtable    0    20000000    0000026c     UNINITIALIZED
                  20000000    0000026c     driverlib.lib : interrupt.obj (.vtable)

.data      0    2000026c    00000001     UNINITIALIZED
                  2000026c    00000001     main.obj (.data)

.stack     0    20000270    00000200     UNINITIALIZED
                  20000270    00000004     rtsv7M4_T_le_v4SPD16_eabi.lib : boot_cortex_m.c.obj (.stack)
                  20000274    000001fc     --HOLE--

MODULE SUMMARY

       Module                          code   ro data   rw data
       ------                          ----   -------   -------
    .\
       tm4c129xnczad_startup_ccs.obj   12     520       0      
    +--+-------------------------------+------+---------+---------+
       Total:                          12     520       0      
                                                               
    .\src\
       main.obj                        212    0         1      
    +--+-------------------------------+------+---------+---------+
       Total:                          212    0         1      
                                                               
    D:/ti/TIVA/driverlib/ccs/Debug/driverlib.lib
       interrupt.obj                   156    112       620    
       sysctl.obj                      574    108       0      
       gpio.obj                        402    0         0      
       watchdog.obj                    36     0         0      
    +--+-------------------------------+------+---------+---------+
       Total:                          1168   220       620    
                                                               
    D:\Program Files\ti\ccsv8\tools\compiler\ti-cgt-arm_18.1.2.LTS\lib\rtsv7M4_T_le_v4SPD16_eabi.lib
       memcpy_t2.asm.obj               156    0         0      
       copy_decompress_lzss.c.obj      104    0         0      
       autoinit.c.obj                  68     0         0      
       boot_cortex_m.c.obj             56     0         0      
       copy_zero_init.c.obj            18     0         0      
       copy_decompress_none.c.obj      14     0         0      
       exit.c.obj                      4      0         0      
       pre_init.c.obj                  4      0         0      
    +--+-------------------------------+------+---------+---------+
       Total:                          424    0         0      
                                                               
       Stack:                          0      0         512    
       Linker Generated:               0      41        0      
    +--+-------------------------------+------+---------+---------+
       Grand Total:                    1816   781       1133   


LINKER GENERATED COPY TABLES

__TI_cinit_table @ 00000a20 records: 2, size/record: 8, table size: 16
	.vtable: load addr=00000a10, load size=00000008 bytes, run addr=20000000, run size=0000026c bytes, compression=zero_init
	.data: load addr=00000a18, load size=00000005 bytes, run addr=2000026c, run size=00000001 bytes, compression=lzss


LINKER GENERATED HANDLER TABLE

__TI_handler_table @ 00000a00 records: 3, size/record: 4, table size: 12
	index: 0, handler: __TI_zero_init
	index: 1, handler: __TI_decompress_lzss
	index: 2, handler: __TI_decompress_none


GLOBAL SYMBOLS: SORTED ALPHABETICALLY BY Name 

address   name                          
-------   ----                          
0000091f  C$$EXIT                       
00000865  GPIODirModeSet                
00000209  GPIOPadConfigSet              
000008ff  GPIOPinRead                   
000008a7  GPIOPinTypeGPIOInput          
0000088f  GPIOPinTypeGPIOOutput         
00000905  GPIOPinWrite                  
000006b1  IntEnable                     
000007fd  IntRegister                   
000008e9  ResetISR                      
0000033d  SysCtlClockGet                
0000044d  SysCtlClockSet                
0000090b  SysCtlDelay                   
00000831  SysCtlPeripheralEnable        
00000541  Watch_Interrupt               
00000911  WatchdogIntClear              
000008cb  WatchdogIntRegister           
00000917  WatchdogReloadSet             
000008f5  WatchdogResetEnable           
20000470  __STACK_END                   
00000200  __STACK_SIZE                  
20000470  __STACK_TOP                   
00000a20  __TI_CINIT_Base               
00000a30  __TI_CINIT_Limit              
00000a00  __TI_Handler_Table_Base       
00000a0c  __TI_Handler_Table_Limit      
00000781  __TI_auto_init_nobinit_nopinit
00000719  __TI_decompress_lzss          
000008db  __TI_decompress_none          
ffffffff  __TI_pprof_out_hndl           
ffffffff  __TI_prof_data_size           
ffffffff  __TI_prof_data_start          
00000000  __TI_static_base__            
000008b9  __TI_zero_init_nomemset       
00000615  __aeabi_memcpy                
00000615  __aeabi_memcpy4               
00000615  __aeabi_memcpy8               
ffffffff  __binit__                     
ffffffff  __c_args__                    
UNDEFED   __mpu_init                    
20000270  __stack                       
000007c5  _c_int00_noargs               
UNDEFED   _system_post_cinit            
0000091b  _system_pre_init              
0000091f  abort                         
ffffffff  binit                         
2000026c  clearWatchDog                 
20000000  g_pfnRAMVectors               
00000000  g_pfnVectors                  
00000567  main                          
00000615  memcpy                        


GLOBAL SYMBOLS: SORTED BY Symbol Address 

address   name                          
-------   ----                          
00000000  __TI_static_base__            
00000000  g_pfnVectors                  
00000200  __STACK_SIZE                  
00000209  GPIOPadConfigSet              
0000033d  SysCtlClockGet                
0000044d  SysCtlClockSet                
00000541  Watch_Interrupt               
00000567  main                          
00000615  __aeabi_memcpy                
00000615  __aeabi_memcpy4               
00000615  __aeabi_memcpy8               
00000615  memcpy                        
000006b1  IntEnable                     
00000719  __TI_decompress_lzss          
00000781  __TI_auto_init_nobinit_nopinit
000007c5  _c_int00_noargs               
000007fd  IntRegister                   
00000831  SysCtlPeripheralEnable        
00000865  GPIODirModeSet                
0000088f  GPIOPinTypeGPIOOutput         
000008a7  GPIOPinTypeGPIOInput          
000008b9  __TI_zero_init_nomemset       
000008cb  WatchdogIntRegister           
000008db  __TI_decompress_none          
000008e9  ResetISR                      
000008f5  WatchdogResetEnable           
000008ff  GPIOPinRead                   
00000905  GPIOPinWrite                  
0000090b  SysCtlDelay                   
00000911  WatchdogIntClear              
00000917  WatchdogReloadSet             
0000091b  _system_pre_init              
0000091f  C$$EXIT                       
0000091f  abort                         
00000a00  __TI_Handler_Table_Base       
00000a0c  __TI_Handler_Table_Limit      
00000a20  __TI_CINIT_Base               
00000a30  __TI_CINIT_Limit              
20000000  g_pfnRAMVectors               
2000026c  clearWatchDog                 
20000270  __stack                       
20000470  __STACK_END                   
20000470  __STACK_TOP                   
ffffffff  __TI_pprof_out_hndl           
ffffffff  __TI_prof_data_size           
ffffffff  __TI_prof_data_start          
ffffffff  __binit__                     
ffffffff  __c_args__                    
ffffffff  binit                         
UNDEFED   __mpu_init                    
UNDEFED   _system_post_cinit            

[51 symbols]
