******************************************************************************
                  TI ARM Linker PC v18.1.2                     
******************************************************************************
>> Linked Wed Sep 12 19:24:36 2018

OUTPUT FILE NAME:   <Work_Button.out>
ENTRY POINT SYMBOL: "_c_int00_noinit_noargs"  address: 00000401


MEMORY CONFIGURATION

         name            origin    length      used     unused   attr    fill
----------------------  --------  ---------  --------  --------  ----  --------
  FLASH                 00000000   00008000  000004a4  00007b5c  R  X
  SRAM                  20000000   00003000  00000200  00002e00  RW X


SEGMENT ALLOCATION MAP

run origin  load origin   length   init length attrs members
----------  ----------- ---------- ----------- ----- -------
00000000    00000000    000004a4   000004a4    r-x
  00000000    00000000    0000026c   0000026c    r-- .intvecs
  0000026c    0000026c    00000238   00000238    r-x .text
20000000    20000000    00000200   00000000    rw-
  20000000    20000000    00000200   00000000    rw- .stack


SECTION ALLOCATION MAP

 output                                  attributes/
section   page    origin      length       input sections
--------  ----  ----------  ----------   ----------------
.intvecs   0    00000000    0000026c     
                  00000000    0000026c     tm4c1231c3pm_startup_ccs.obj (.intvecs)

.text      0    0000026c    00000238     
                  0000026c    00000132     driverlib.lib : gpio.obj (.text:GPIOPadConfigSet)
                  0000039e    00000002     --HOLE-- [fill = 0]
                  000003a0    00000060     main.obj (.text)
                  00000400    00000030     rtsv7M4_T_le_v4SPD16_eabi.lib : boot_cortex_m.c.obj (.text:_c_int00_noinit_noargs:_c_int00_noinit_noargs)
                  00000430    0000002a     driverlib.lib : gpio.obj (.text:GPIODirModeSet)
                  0000045a    00000018                   : gpio.obj (.text:GPIOPinTypeGPIOOutput)
                  00000472    00000012                   : gpio.obj (.text:GPIOPinTypeGPIOInput)
                  00000484    0000000c     tm4c1231c3pm_startup_ccs.obj (.text)
                  00000490    00000006     driverlib.lib : gpio.obj (.text:GPIOPinRead)
                  00000496    00000006                   : gpio.obj (.text:GPIOPinWrite)
                  0000049c    00000004     rtsv7M4_T_le_v4SPD16_eabi.lib : pre_init.c.obj (.text:_system_pre_init)
                  000004a0    00000004                                   : exit.c.obj (.text:abort:abort)

.cinit     0    00000000    00000000     UNINITIALIZED

.init_array 
*          0    00000000    00000000     UNINITIALIZED

.stack     0    20000000    00000200     UNINITIALIZED
                  20000000    00000004     rtsv7M4_T_le_v4SPD16_eabi.lib : boot_cortex_m.c.obj (.stack)
                  20000004    000001fc     --HOLE--

MODULE SUMMARY

       Module                         code   ro data   rw data
       ------                         ----   -------   -------
    .\
       tm4c1231c3pm_startup_ccs.obj   12     620       0      
    +--+------------------------------+------+---------+---------+
       Total:                         12     620       0      
                                                              
    .\src\
       main.obj                       96     0         0      
    +--+------------------------------+------+---------+---------+
       Total:                         96     0         0      
                                                              
    D:/Program Files/Tiva/driverlib/ccs/Debug/driverlib.lib
       gpio.obj                       402    0         0      
    +--+------------------------------+------+---------+---------+
       Total:                         402    0         0      
                                                              
    D:\Program Files\ti\ccsv8\tools\compiler\ti-cgt-arm_18.1.2.LTS\lib\rtsv7M4_T_le_v4SPD16_eabi.lib
       boot_cortex_m.c.obj            48     0         0      
       exit.c.obj                     4      0         0      
       pre_init.c.obj                 4      0         0      
    +--+------------------------------+------+---------+---------+
       Total:                         56     0         0      
                                                              
       Stack:                         0      0         512    
    +--+------------------------------+------+---------+---------+
       Grand Total:                   566    620       512    


GLOBAL SYMBOLS: SORTED ALPHABETICALLY BY Name 

address   name                  
-------   ----                  
000004a1  C$$EXIT               
000003a1  Delay                 
00000431  GPIODirModeSet        
0000026d  GPIOPadConfigSet      
00000491  GPIOPinRead           
00000473  GPIOPinTypeGPIOInput  
0000045b  GPIOPinTypeGPIOOutput 
00000497  GPIOPinWrite          
00000485  ResetISR              
20000200  __STACK_END           
00000200  __STACK_SIZE          
20000200  __STACK_TOP           
ffffffff  __TI_pprof_out_hndl   
ffffffff  __TI_prof_data_size   
ffffffff  __TI_prof_data_start  
00000000  __TI_static_base__    
ffffffff  __binit__             
ffffffff  __c_args__            
UNDEFED   __mpu_init            
20000000  __stack               
00000401  _c_int00_noinit_noargs
0000049d  _system_pre_init      
000004a1  abort                 
ffffffff  binit                 
00000000  g_pfnVectors          
000003c3  main                  


GLOBAL SYMBOLS: SORTED BY Symbol Address 

address   name                  
-------   ----                  
00000000  __TI_static_base__    
00000000  g_pfnVectors          
00000200  __STACK_SIZE          
0000026d  GPIOPadConfigSet      
000003a1  Delay                 
000003c3  main                  
00000401  _c_int00_noinit_noargs
00000431  GPIODirModeSet        
0000045b  GPIOPinTypeGPIOOutput 
00000473  GPIOPinTypeGPIOInput  
00000485  ResetISR              
00000491  GPIOPinRead           
00000497  GPIOPinWrite          
0000049d  _system_pre_init      
000004a1  C$$EXIT               
000004a1  abort                 
20000000  __stack               
20000200  __STACK_END           
20000200  __STACK_TOP           
ffffffff  __TI_pprof_out_hndl   
ffffffff  __TI_prof_data_size   
ffffffff  __TI_prof_data_start  
ffffffff  __binit__             
ffffffff  __c_args__            
ffffffff  binit                 
UNDEFED   __mpu_init            

[26 symbols]
