******************************************************************************
                  TI ARM Linker PC v18.1.2                     
******************************************************************************
>> Linked Thu Sep 13 08:35:31 2018

OUTPUT FILE NAME:   <Work_Button.out>
ENTRY POINT SYMBOL: "_c_int00_noinit_noargs"  address: 00000555


MEMORY CONFIGURATION

         name            origin    length      used     unused   attr    fill
----------------------  --------  ---------  --------  --------  ----  --------
  FLASH                 00000000   00008000  000005fe  00007a02  R  X
  SRAM                  20000000   00003000  00000200  00002e00  RW X


SEGMENT ALLOCATION MAP

run origin  load origin   length   init length attrs members
----------  ----------- ---------- ----------- ----- -------
00000000    00000000    000005fe   000005fe    r-x
  00000000    00000000    0000026c   0000026c    r-- .intvecs
  0000026c    0000026c    00000392   00000392    r-x .text
20000000    20000000    00000200   00000000    rw-
  20000000    20000000    00000200   00000000    rw- .stack


SECTION ALLOCATION MAP

 output                                  attributes/
section   page    origin      length       input sections
--------  ----  ----------  ----------   ----------------
.intvecs   0    00000000    0000026c     
                  00000000    0000026c     tm4c1231c3pm_startup_ccs.obj (.intvecs)

.text      0    0000026c    00000392     
                  0000026c    00000132     driverlib.lib : gpio.obj (.text:GPIOPadConfigSet)
                  0000039e    00000002     --HOLE-- [fill = 0]
                  000003a0    000000f4                   : sysctl.obj (.text:SysCtlClockSet)
                  00000494    0000008c     main.obj (.text)
                  00000520    00000034     driverlib.lib : sysctl.obj (.text:SysCtlPeripheralEnable)
                  00000554    00000030     rtsv7M4_T_le_v4SPD16_eabi.lib : boot_cortex_m.c.obj (.text:_c_int00_noinit_noargs:_c_int00_noinit_noargs)
                  00000584    0000002a     driverlib.lib : gpio.obj (.text:GPIODirModeSet)
                  000005ae    00000018                   : gpio.obj (.text:GPIOPinTypeGPIOOutput)
                  000005c6    00000012                   : gpio.obj (.text:GPIOPinTypeGPIOInput)
                  000005d8    0000000c     tm4c1231c3pm_startup_ccs.obj (.text)
                  000005e4    00000006     driverlib.lib : gpio.obj (.text:GPIOPinRead)
                  000005ea    00000006                   : gpio.obj (.text:GPIOPinWrite)
                  000005f0    00000006                   : sysctl.obj (.text:SysCtlDelay)
                  000005f6    00000004     rtsv7M4_T_le_v4SPD16_eabi.lib : pre_init.c.obj (.text:_system_pre_init)
                  000005fa    00000004                                   : exit.c.obj (.text:abort:abort)

.cinit     0    00000000    00000000     UNINITIALIZED

.init_array 
*          0    00000000    00000000     UNINITIALIZED

.stack     0    20000000    00000200     UNINITIALIZED
                  20000000    00000004     rtsv7M4_T_le_v4SPD16_eabi.lib : boot_cortex_m.c.obj (.stack)
                  20000004    000001fc     --HOLE--

MODULE SUMMARY

       Module                         code   ro data   rw data
       ------                         ----   -------   -------
    .\
       tm4c1231c3pm_startup_ccs.obj   12     620       0      
    +--+------------------------------+------+---------+---------+
       Total:                         12     620       0      
                                                              
    .\src\
       main.obj                       140    0         0      
    +--+------------------------------+------+---------+---------+
       Total:                         140    0         0      
                                                              
    D:/Program Files/Tiva/driverlib/ccs/Debug/driverlib.lib
       gpio.obj                       402    0         0      
       sysctl.obj                     302    0         0      
    +--+------------------------------+------+---------+---------+
       Total:                         704    0         0      
                                                              
    D:\Program Files\ti\ccsv8\tools\compiler\ti-cgt-arm_18.1.2.LTS\lib\rtsv7M4_T_le_v4SPD16_eabi.lib
       boot_cortex_m.c.obj            48     0         0      
       exit.c.obj                     4      0         0      
       pre_init.c.obj                 4      0         0      
    +--+------------------------------+------+---------+---------+
       Total:                         56     0         0      
                                                              
       Stack:                         0      0         512    
    +--+------------------------------+------+---------+---------+
       Grand Total:                   912    620       512    


GLOBAL SYMBOLS: SORTED ALPHABETICALLY BY Name 

address   name                  
-------   ----                  
000005fb  C$$EXIT               
00000495  Delay                 
00000585  GPIODirModeSet        
0000026d  GPIOPadConfigSet      
000005e5  GPIOPinRead           
000005c7  GPIOPinTypeGPIOInput  
000005af  GPIOPinTypeGPIOOutput 
000005eb  GPIOPinWrite          
000005d9  ResetISR              
000003a1  SysCtlClockSet        
000005f1  SysCtlDelay           
00000521  SysCtlPeripheralEnable
20000200  __STACK_END           
00000200  __STACK_SIZE          
20000200  __STACK_TOP           
ffffffff  __TI_pprof_out_hndl   
ffffffff  __TI_prof_data_size   
ffffffff  __TI_prof_data_start  
00000000  __TI_static_base__    
ffffffff  __binit__             
ffffffff  __c_args__            
UNDEFED   __mpu_init            
20000000  __stack               
00000555  _c_int00_noinit_noargs
000005f7  _system_pre_init      
000005fb  abort                 
ffffffff  binit                 
00000000  g_pfnVectors          
000004b7  main                  


GLOBAL SYMBOLS: SORTED BY Symbol Address 

address   name                  
-------   ----                  
00000000  __TI_static_base__    
00000000  g_pfnVectors          
00000200  __STACK_SIZE          
0000026d  GPIOPadConfigSet      
000003a1  SysCtlClockSet        
00000495  Delay                 
000004b7  main                  
00000521  SysCtlPeripheralEnable
00000555  _c_int00_noinit_noargs
00000585  GPIODirModeSet        
000005af  GPIOPinTypeGPIOOutput 
000005c7  GPIOPinTypeGPIOInput  
000005d9  ResetISR              
000005e5  GPIOPinRead           
000005eb  GPIOPinWrite          
000005f1  SysCtlDelay           
000005f7  _system_pre_init      
000005fb  C$$EXIT               
000005fb  abort                 
20000000  __stack               
20000200  __STACK_END           
20000200  __STACK_TOP           
ffffffff  __TI_pprof_out_hndl   
ffffffff  __TI_prof_data_size   
ffffffff  __TI_prof_data_start  
ffffffff  __binit__             
ffffffff  __c_args__            
ffffffff  binit                 
UNDEFED   __mpu_init            

[29 symbols]
