******************************************************************************
                  TI ARM Linker PC v18.1.2                     
******************************************************************************
>> Linked Fri Sep 21 16:19:31 2018

OUTPUT FILE NAME:   <Template_Work_Timers.out>
ENTRY POINT SYMBOL: "_c_int00_noargs"  address: 00000eed


MEMORY CONFIGURATION

         name            origin    length      used     unused   attr    fill
----------------------  --------  ---------  --------  --------  ----  --------
  FLASH                 00000000   00008000  000011c4  00006e3c  R  X
  SRAM                  20000000   00003000  0000046c  00002b94  RW X


SEGMENT ALLOCATION MAP

run origin  load origin   length   init length attrs members
----------  ----------- ---------- ----------- ----- -------
00000000    00000000    000011c4   000011c4    r-x
  00000000    00000000    0000026c   0000026c    r-- .intvecs
  0000026c    0000026c    00000dc8   00000dc8    r-x .text
  00001034    00001034    0000017c   0000017c    r-- .const
  000011b0    000011b0    00000014   00000014    r-- .cinit
20000000    20000000    00000470   00000000    rw-
  20000000    20000000    0000026c   00000000    rw- .vtable
  20000270    20000270    00000200   00000000    rw- .stack


SECTION ALLOCATION MAP

 output                                  attributes/
section   page    origin      length       input sections
--------  ----  ----------  ----------   ----------------
.intvecs   0    00000000    0000026c     
                  00000000    0000026c     tm4c1230c3pm_startup_ccs.obj (.intvecs)

.text      0    0000026c    00000dc8     
                  0000026c    00000854     Timers.obj (.text)
                  00000ac0    00000110     driverlib.lib : sysctl.obj (.text:SysCtlClockGet)
                  00000bd0    000000f4                   : sysctl.obj (.text:SysCtlClockSet)
                  00000cc4    00000068                   : interrupt.obj (.text:IntDisable)
                  00000d2c    00000068                   : interrupt.obj (.text:IntEnable)
                  00000d94    00000068     main.obj (.text)
                  00000dfc    00000060     driverlib.lib : timer.obj (.text:TimerConfigure)
                  00000e5c    0000004c                   : timer.obj (.text:_TimerIntNumberGet)
                  00000ea8    00000044     rtsv7M4_T_le_v4SPD16_eabi.lib : autoinit.c.obj (.text:__TI_auto_init_nobinit_nopinit:__TI_auto_init_nobinit_nopinit)
                  00000eec    00000038                                   : boot_cortex_m.c.obj (.text:_c_int00_noargs:_c_int00_noargs)
                  00000f24    00000034     driverlib.lib : interrupt.obj (.text:IntRegister)
                  00000f58    00000034                   : sysctl.obj (.text:SysCtlPeripheralEnable)
                  00000f8c    00000018                   : timer.obj (.text:TimerIntRegister)
                  00000fa4    00000012                   : timer.obj (.text:TimerLoadSet)
                  00000fb6    00000012                   : timer.obj (.text:TimerPrescaleSet)
                  00000fc8    00000012     rtsv7M4_T_le_v4SPD16_eabi.lib : copy_zero_init.c.obj (.text:decompress:ZI:__TI_zero_init_nomemset:__TI_zero_init_nomemset)
                  00000fda    00000010     driverlib.lib : interrupt.obj (.text:IntMasterEnable)
                  00000fea    0000000e                   : timer.obj (.text:TimerEnable)
                  00000ff8    0000000c                   : cpu.obj (.text:CPUcpsie)
                  00001004    0000000c     tm4c1230c3pm_startup_ccs.obj (.text)
                  00001010    0000000a     driverlib.lib : timer.obj (.text:TimerIntDisable)
                  0000101a    00000008                   : timer.obj (.text:TimerIntEnable)
                  00001022    00000006                   : sysctl.obj (.text:SysCtlDelay)
                  00001028    00000004                   : timer.obj (.text:TimerIntClear)
                  0000102c    00000004     rtsv7M4_T_le_v4SPD16_eabi.lib : pre_init.c.obj (.text:_system_pre_init)
                  00001030    00000004                                   : exit.c.obj (.text:abort:abort)

.const     0    00001034    0000017c     
                  00001034    00000070     driverlib.lib : interrupt.obj (.const)
                  000010a4    0000006c                   : sysctl.obj (.const:g_pui32Xtals)
                  00001110    00000060                   : timer.obj (.const:g_ppui32TimerIntMap)
                  00001170    00000040                   : timer.obj (.const:g_ppui32TimerIntMapSnowflake)

.cinit     0    000011b0    00000014     
                  000011b0    00000008     (.cinit..vtable.load) [load image, compression = zero_init]
                  000011b8    00000004     (__TI_handler_table)
                  000011bc    00000008     (__TI_cinit_table)

.init_array 
*          0    00000000    00000000     UNINITIALIZED

.vtable    0    20000000    0000026c     UNINITIALIZED
                  20000000    0000026c     driverlib.lib : interrupt.obj (.vtable)

.stack     0    20000270    00000200     UNINITIALIZED
                  20000270    00000004     rtsv7M4_T_le_v4SPD16_eabi.lib : boot_cortex_m.c.obj (.stack)
                  20000274    000001fc     --HOLE--

MODULE SUMMARY

       Module                         code   ro data   rw data
       ------                         ----   -------   -------
    .\
       tm4c1230c3pm_startup_ccs.obj   12     620       0      
    +--+------------------------------+------+---------+---------+
       Total:                         12     620       0      
                                                              
    .\src\
       Timers.obj                     2132   0         0      
       main.obj                       104    0         0      
    +--+------------------------------+------+---------+---------+
       Total:                         2236   0         0      
                                                              
    D:/ti/TIVA/driverlib/ccs/Debug/driverlib.lib
       interrupt.obj                  276    112       620    
       sysctl.obj                     574    108       0      
       timer.obj                      268    160       0      
       cpu.obj                        12     0         0      
    +--+------------------------------+------+---------+---------+
       Total:                         1130   380       620    
                                                              
    D:\Program Files\ti\ccsv8\tools\compiler\ti-cgt-arm_18.1.2.LTS\lib\rtsv7M4_T_le_v4SPD16_eabi.lib
       autoinit.c.obj                 68     0         0      
       boot_cortex_m.c.obj            56     0         0      
       copy_zero_init.c.obj           18     0         0      
       exit.c.obj                     4      0         0      
       pre_init.c.obj                 4      0         0      
    +--+------------------------------+------+---------+---------+
       Total:                         150    0         0      
                                                              
       Stack:                         0      0         512    
       Linker Generated:              0      20        0      
    +--+------------------------------+------+---------+---------+
       Grand Total:                   3528   1020      1132   


LINKER GENERATED COPY TABLES

__TI_cinit_table @ 000011bc records: 1, size/record: 8, table size: 8
	.vtable: load addr=000011b0, load size=00000008 bytes, run addr=20000000, run size=0000026c bytes, compression=zero_init


LINKER GENERATED HANDLER TABLE

__TI_handler_table @ 000011b8 records: 1, size/record: 4, table size: 4
	index: 0, handler: __TI_zero_init


GLOBAL SYMBOLS: SORTED ALPHABETICALLY BY Name 

address   name                          
-------   ----                          
00001031  C$$EXIT                       
00000ff9  CPUcpsie                      
00000545  Innterupt_TIM                 
00000cc5  IntDisable                    
00000d2d  IntEnable                     
00000fdb  IntMasterEnable               
00000f25  IntRegister                   
000005b9  RegisrationIntHandler         
00001005  ResetISR                      
00000745  SetLoad_TIM                   
00000679  SetPrescaler_TIM              
00000ac1  SysCtlClockGet                
00000bd1  SysCtlClockSet                
00001023  SysCtlDelay                   
00000f59  SysCtlPeripheralEnable        
00000821  TIM_Initilize                 
0000026d  Timer0BIntHandler             
000002d3  Timer1BIntHandler             
00000339  Timer2BIntHandler             
0000039f  Timer3BIntHandler             
00000405  Timer4BIntHandler             
0000046b  Timer5BIntHandler             
00000dfd  TimerConfigure                
00000feb  TimerEnable                   
00001029  TimerIntClear                 
00001011  TimerIntDisable               
0000101b  TimerIntEnable                
00000f8d  TimerIntRegister              
00000fa5  TimerLoadSet                  
00000fb7  TimerPrescaleSet              
000004d1  Timer_init                    
20000470  __STACK_END                   
00000200  __STACK_SIZE                  
20000470  __STACK_TOP                   
000011bc  __TI_CINIT_Base               
000011c4  __TI_CINIT_Limit              
000011b8  __TI_Handler_Table_Base       
000011bc  __TI_Handler_Table_Limit      
00000ea9  __TI_auto_init_nobinit_nopinit
ffffffff  __TI_pprof_out_hndl           
ffffffff  __TI_prof_data_size           
ffffffff  __TI_prof_data_start          
00000000  __TI_static_base__            
00000fc9  __TI_zero_init_nomemset       
ffffffff  __binit__                     
ffffffff  __c_args__                    
UNDEFED   __mpu_init                    
20000270  __stack                       
00000eed  _c_int00_noargs               
UNDEFED   _system_post_cinit            
0000102d  _system_pre_init              
00001031  abort                         
ffffffff  binit                         
20000000  g_pfnRAMVectors               
00000000  g_pfnVectors                  
00000d95  main                          


GLOBAL SYMBOLS: SORTED BY Symbol Address 

address   name                          
-------   ----                          
00000000  __TI_static_base__            
00000000  g_pfnVectors                  
00000200  __STACK_SIZE                  
0000026d  Timer0BIntHandler             
000002d3  Timer1BIntHandler             
00000339  Timer2BIntHandler             
0000039f  Timer3BIntHandler             
00000405  Timer4BIntHandler             
0000046b  Timer5BIntHandler             
000004d1  Timer_init                    
00000545  Innterupt_TIM                 
000005b9  RegisrationIntHandler         
00000679  SetPrescaler_TIM              
00000745  SetLoad_TIM                   
00000821  TIM_Initilize                 
00000ac1  SysCtlClockGet                
00000bd1  SysCtlClockSet                
00000cc5  IntDisable                    
00000d2d  IntEnable                     
00000d95  main                          
00000dfd  TimerConfigure                
00000ea9  __TI_auto_init_nobinit_nopinit
00000eed  _c_int00_noargs               
00000f25  IntRegister                   
00000f59  SysCtlPeripheralEnable        
00000f8d  TimerIntRegister              
00000fa5  TimerLoadSet                  
00000fb7  TimerPrescaleSet              
00000fc9  __TI_zero_init_nomemset       
00000fdb  IntMasterEnable               
00000feb  TimerEnable                   
00000ff9  CPUcpsie                      
00001005  ResetISR                      
00001011  TimerIntDisable               
0000101b  TimerIntEnable                
00001023  SysCtlDelay                   
00001029  TimerIntClear                 
0000102d  _system_pre_init              
00001031  C$$EXIT                       
00001031  abort                         
000011b8  __TI_Handler_Table_Base       
000011bc  __TI_CINIT_Base               
000011bc  __TI_Handler_Table_Limit      
000011c4  __TI_CINIT_Limit              
20000000  g_pfnRAMVectors               
20000270  __stack                       
20000470  __STACK_END                   
20000470  __STACK_TOP                   
ffffffff  __TI_pprof_out_hndl           
ffffffff  __TI_prof_data_size           
ffffffff  __TI_prof_data_start          
ffffffff  __binit__                     
ffffffff  __c_args__                    
ffffffff  binit                         
UNDEFED   __mpu_init                    
UNDEFED   _system_post_cinit            

[56 symbols]
