******************************************************************************
                  TI ARM Linker PC v18.1.2                     
******************************************************************************
>> Linked Fri Sep 21 10:28:05 2018

OUTPUT FILE NAME:   <Template_Work_Timers.out>
ENTRY POINT SYMBOL: "_c_int00_noargs"  address: 00000d51


MEMORY CONFIGURATION

         name            origin    length      used     unused   attr    fill
----------------------  --------  ---------  --------  --------  ----  --------
  FLASH                 00000000   00008000  00001038  00006fc8  R  X
  SRAM                  20000000   00003000  0000049c  00002b64  RW X


SEGMENT ALLOCATION MAP

run origin  load origin   length   init length attrs members
----------  ----------- ---------- ----------- ----- -------
00000000    00000000    0000103c   0000103c    r-x
  00000000    00000000    0000026c   0000026c    r-- .intvecs
  0000026c    0000026c    00000c2c   00000c2c    r-x .text
  00000e98    00000e98    0000017c   0000017c    r-- .const
  00001018    00001018    00000024   00000024    r-- .cinit
20000000    20000000    000004a0   00000000    rw-
  20000000    20000000    0000026c   00000000    rw- .vtable
  20000270    20000270    00000200   00000000    rw- .stack
  20000470    20000470    00000030   00000000    rw- .bss


SECTION ALLOCATION MAP

 output                                  attributes/
section   page    origin      length       input sections
--------  ----  ----------  ----------   ----------------
.intvecs   0    00000000    0000026c     
                  00000000    0000026c     tm4c1230c3pm_startup_ccs.obj (.intvecs)

.text      0    0000026c    00000c2c     
                  0000026c    00000724     Timers.obj (.text)
                  00000990    00000110     driverlib.lib : sysctl.obj (.text:SysCtlClockGet)
                  00000aa0    000000f4                   : sysctl.obj (.text:SysCtlClockSet)
                  00000b94    00000068                   : interrupt.obj (.text:IntEnable)
                  00000bfc    00000064     main.obj (.text)
                  00000c60    00000060     driverlib.lib : timer.obj (.text:TimerConfigure)
                  00000cc0    0000004c                   : timer.obj (.text:_TimerIntNumberGet)
                  00000d0c    00000044     rtsv7M4_T_le_v4SPD16_eabi.lib : autoinit.c.obj (.text:__TI_auto_init_nobinit_nopinit:__TI_auto_init_nobinit_nopinit)
                  00000d50    00000038                                   : boot_cortex_m.c.obj (.text:_c_int00_noargs:_c_int00_noargs)
                  00000d88    00000034     driverlib.lib : interrupt.obj (.text:IntRegister)
                  00000dbc    00000034                   : sysctl.obj (.text:SysCtlPeripheralEnable)
                  00000df0    00000018                   : timer.obj (.text:TimerIntRegister)
                  00000e08    00000012                   : timer.obj (.text:TimerLoadSet)
                  00000e1a    00000012                   : timer.obj (.text:TimerPrescaleSet)
                  00000e2c    00000012     rtsv7M4_T_le_v4SPD16_eabi.lib : copy_zero_init.c.obj (.text:decompress:ZI:__TI_zero_init_nomemset:__TI_zero_init_nomemset)
                  00000e3e    00000010     driverlib.lib : interrupt.obj (.text:IntMasterEnable)
                  00000e4e    0000000e                   : timer.obj (.text:TimerEnable)
                  00000e5c    0000000c                   : cpu.obj (.text:CPUcpsie)
                  00000e68    0000000c     tm4c1230c3pm_startup_ccs.obj (.text)
                  00000e74    0000000a     driverlib.lib : timer.obj (.text:TimerIntDisable)
                  00000e7e    00000008                   : timer.obj (.text:TimerIntEnable)
                  00000e86    00000006                   : sysctl.obj (.text:SysCtlDelay)
                  00000e8c    00000004                   : timer.obj (.text:TimerIntClear)
                  00000e90    00000004     rtsv7M4_T_le_v4SPD16_eabi.lib : pre_init.c.obj (.text:_system_pre_init)
                  00000e94    00000004                                   : exit.c.obj (.text:abort:abort)

.const     0    00000e98    0000017c     
                  00000e98    00000070     driverlib.lib : interrupt.obj (.const)
                  00000f08    0000006c                   : sysctl.obj (.const:g_pui32Xtals)
                  00000f74    00000060                   : timer.obj (.const:g_ppui32TimerIntMap)
                  00000fd4    00000040                   : timer.obj (.const:g_ppui32TimerIntMapSnowflake)

.cinit     0    00001018    00000024     
                  00001018    00000008     (.cinit..bss.load) [load image, compression = zero_init]
                  00001020    00000008     (.cinit..vtable.load) [load image, compression = zero_init]
                  00001028    00000004     (__TI_handler_table)
                  0000102c    00000010     (__TI_cinit_table)

.init_array 
*          0    00000000    00000000     UNINITIALIZED

.vtable    0    20000000    0000026c     UNINITIALIZED
                  20000000    0000026c     driverlib.lib : interrupt.obj (.vtable)

.bss       0    20000470    00000030     UNINITIALIZED
                  20000470    00000018     (.common:Tim_Mode)
                  20000488    00000018     (.common:Tim_globalChannel)

.stack     0    20000270    00000200     UNINITIALIZED
                  20000270    00000004     rtsv7M4_T_le_v4SPD16_eabi.lib : boot_cortex_m.c.obj (.stack)
                  20000274    000001fc     --HOLE--

MODULE SUMMARY

       Module                         code   ro data   rw data
       ------                         ----   -------   -------
    .\
       tm4c1230c3pm_startup_ccs.obj   12     620       0      
    +--+------------------------------+------+---------+---------+
       Total:                         12     620       0      
                                                              
    .\src\
       Timers.obj                     1828   0         48     
       main.obj                       100    0         0      
    +--+------------------------------+------+---------+---------+
       Total:                         1928   0         48     
                                                              
    D:/ti/TIVA/driverlib/ccs/Debug/driverlib.lib
       interrupt.obj                  172    112       620    
       sysctl.obj                     574    108       0      
       timer.obj                      268    160       0      
       cpu.obj                        12     0         0      
    +--+------------------------------+------+---------+---------+
       Total:                         1026   380       620    
                                                              
    D:\Program Files\ti\ccsv8\tools\compiler\ti-cgt-arm_18.1.2.LTS\lib\rtsv7M4_T_le_v4SPD16_eabi.lib
       autoinit.c.obj                 68     0         0      
       boot_cortex_m.c.obj            56     0         0      
       copy_zero_init.c.obj           18     0         0      
       exit.c.obj                     4      0         0      
       pre_init.c.obj                 4      0         0      
    +--+------------------------------+------+---------+---------+
       Total:                         150    0         0      
                                                              
       Stack:                         0      0         512    
       Linker Generated:              0      36        0      
    +--+------------------------------+------+---------+---------+
       Grand Total:                   3116   1036      1180   


LINKER GENERATED COPY TABLES

__TI_cinit_table @ 0000102c records: 2, size/record: 8, table size: 16
	.bss: load addr=00001018, load size=00000008 bytes, run addr=20000470, run size=00000030 bytes, compression=zero_init
	.vtable: load addr=00001020, load size=00000008 bytes, run addr=20000000, run size=0000026c bytes, compression=zero_init


LINKER GENERATED HANDLER TABLE

__TI_handler_table @ 00001028 records: 1, size/record: 4, table size: 4
	index: 0, handler: __TI_zero_init


GLOBAL SYMBOLS: SORTED ALPHABETICALLY BY Name 

address   name                          
-------   ----                          
00000e95  C$$EXIT                       
00000e5d  CPUcpsie                      
00000335  Innterupt_TIM                 
00000b95  IntEnable                     
00000e3f  IntMasterEnable               
00000d89  IntRegister                   
000003eb  RegisrationIntHandler         
00000e69  ResetISR                      
000005cd  SetLoad_TIM                   
000004c1  SetPrescaler_TIM              
00000991  SysCtlClockGet                
00000aa1  SysCtlClockSet                
00000e87  SysCtlDelay                   
00000dbd  SysCtlPeripheralEnable        
000006f1  TIM_Initilize                 
20000470  Tim_Mode                      
20000488  Tim_globalChannel             
0000026d  Timer0BIntHandler             
0000027b  Timer1BIntHandler             
00000289  Timer2BIntHandler             
00000297  Timer3BIntHandler             
000002a5  Timer4BIntHandler             
000002b3  Timer5BIntHandler             
00000c61  TimerConfigure                
00000e4f  TimerEnable                   
00000e8d  TimerIntClear                 
00000e75  TimerIntDisable               
00000e7f  TimerIntEnable                
00000df1  TimerIntRegister              
00000e09  TimerLoadSet                  
00000e1b  TimerPrescaleSet              
000002c1  Timer_init                    
20000470  __STACK_END                   
00000200  __STACK_SIZE                  
20000470  __STACK_TOP                   
0000102c  __TI_CINIT_Base               
0000103c  __TI_CINIT_Limit              
00001028  __TI_Handler_Table_Base       
0000102c  __TI_Handler_Table_Limit      
00000d0d  __TI_auto_init_nobinit_nopinit
ffffffff  __TI_pprof_out_hndl           
ffffffff  __TI_prof_data_size           
ffffffff  __TI_prof_data_start          
00000000  __TI_static_base__            
00000e2d  __TI_zero_init_nomemset       
ffffffff  __binit__                     
ffffffff  __c_args__                    
UNDEFED   __mpu_init                    
20000270  __stack                       
00000d51  _c_int00_noargs               
UNDEFED   _system_post_cinit            
00000e91  _system_pre_init              
00000e95  abort                         
ffffffff  binit                         
20000000  g_pfnRAMVectors               
00000000  g_pfnVectors                  
00000bfd  main                          


GLOBAL SYMBOLS: SORTED BY Symbol Address 

address   name                          
-------   ----                          
00000000  __TI_static_base__            
00000000  g_pfnVectors                  
00000200  __STACK_SIZE                  
0000026d  Timer0BIntHandler             
0000027b  Timer1BIntHandler             
00000289  Timer2BIntHandler             
00000297  Timer3BIntHandler             
000002a5  Timer4BIntHandler             
000002b3  Timer5BIntHandler             
000002c1  Timer_init                    
00000335  Innterupt_TIM                 
000003eb  RegisrationIntHandler         
000004c1  SetPrescaler_TIM              
000005cd  SetLoad_TIM                   
000006f1  TIM_Initilize                 
00000991  SysCtlClockGet                
00000aa1  SysCtlClockSet                
00000b95  IntEnable                     
00000bfd  main                          
00000c61  TimerConfigure                
00000d0d  __TI_auto_init_nobinit_nopinit
00000d51  _c_int00_noargs               
00000d89  IntRegister                   
00000dbd  SysCtlPeripheralEnable        
00000df1  TimerIntRegister              
00000e09  TimerLoadSet                  
00000e1b  TimerPrescaleSet              
00000e2d  __TI_zero_init_nomemset       
00000e3f  IntMasterEnable               
00000e4f  TimerEnable                   
00000e5d  CPUcpsie                      
00000e69  ResetISR                      
00000e75  TimerIntDisable               
00000e7f  TimerIntEnable                
00000e87  SysCtlDelay                   
00000e8d  TimerIntClear                 
00000e91  _system_pre_init              
00000e95  C$$EXIT                       
00000e95  abort                         
00001028  __TI_Handler_Table_Base       
0000102c  __TI_CINIT_Base               
0000102c  __TI_Handler_Table_Limit      
0000103c  __TI_CINIT_Limit              
20000000  g_pfnRAMVectors               
20000270  __stack                       
20000470  Tim_Mode                      
20000470  __STACK_END                   
20000470  __STACK_TOP                   
20000488  Tim_globalChannel             
ffffffff  __TI_pprof_out_hndl           
ffffffff  __TI_prof_data_size           
ffffffff  __TI_prof_data_start          
ffffffff  __binit__                     
ffffffff  __c_args__                    
ffffffff  binit                         
UNDEFED   __mpu_init                    
UNDEFED   _system_post_cinit            

[57 symbols]
