******************************************************************************
                  TI ARM Linker PC v18.1.2                     
******************************************************************************
>> Linked Thu Sep 20 13:12:01 2018

OUTPUT FILE NAME:   <Template_Work_Timers.out>
ENTRY POINT SYMBOL: "_c_int00_noinit_noargs"  address: 00000a15


MEMORY CONFIGURATION

         name            origin    length      used     unused   attr    fill
----------------------  --------  ---------  --------  --------  ----  --------
  FLASH                 00000000   00008000  00000b2e  000074d2  R  X
  SRAM                  20000000   00003000  00000200  00002e00  RW X


SEGMENT ALLOCATION MAP

run origin  load origin   length   init length attrs members
----------  ----------- ---------- ----------- ----- -------
00000000    00000000    00000b30   00000b30    r-x
  00000000    00000000    0000026c   0000026c    r-- .intvecs
  0000026c    0000026c    00000856   00000856    r-x .text
  00000ac4    00000ac4    0000006c   0000006c    r-- .const
20000000    20000000    00000200   00000000    rw-
  20000000    20000000    00000200   00000000    rw- .stack


SECTION ALLOCATION MAP

 output                                  attributes/
section   page    origin      length       input sections
--------  ----  ----------  ----------   ----------------
.intvecs   0    00000000    0000026c     
                  00000000    0000026c     tm4c1230c3pm_startup_ccs.obj (.intvecs)

.text      0    0000026c    00000856     
                  0000026c    000004ac     Timers.obj (.text)
                  00000718    00000110     driverlib.lib : sysctl.obj (.text:SysCtlClockGet)
                  00000828    000000f4                   : sysctl.obj (.text:SysCtlClockSet)
                  0000091c    00000064     main.obj (.text)
                  00000980    00000060     driverlib.lib : timer.obj (.text:TimerConfigure)
                  000009e0    00000034                   : sysctl.obj (.text:SysCtlPeripheralEnable)
                  00000a14    00000030     rtsv7M4_T_le_v4SPD16_eabi.lib : boot_cortex_m.c.obj (.text:_c_int00_noinit_noargs:_c_int00_noinit_noargs)
                  00000a44    00000012     driverlib.lib : timer.obj (.text:TimerLoadSet)
                  00000a56    00000012                   : timer.obj (.text:TimerPrescaleSet)
                  00000a68    00000010                   : interrupt.obj (.text:IntMasterEnable)
                  00000a78    0000000e                   : timer.obj (.text:TimerEnable)
                  00000a86    0000000c                   : cpu.obj (.text:CPUcpsie)
                  00000a92    0000000c     tm4c1230c3pm_startup_ccs.obj (.text)
                  00000a9e    0000000a     driverlib.lib : timer.obj (.text:TimerIntDisable)
                  00000aa8    00000008                   : timer.obj (.text:TimerIntEnable)
                  00000ab0    00000006                   : sysctl.obj (.text:SysCtlDelay)
                  00000ab6    00000004                   : timer.obj (.text:TimerIntClear)
                  00000aba    00000004     rtsv7M4_T_le_v4SPD16_eabi.lib : pre_init.c.obj (.text:_system_pre_init)
                  00000abe    00000004                                   : exit.c.obj (.text:abort:abort)

.const     0    00000ac4    0000006c     
                  00000ac4    0000006c     driverlib.lib : sysctl.obj (.const:g_pui32Xtals)

.cinit     0    00000000    00000000     UNINITIALIZED

.init_array 
*          0    00000000    00000000     UNINITIALIZED

.stack     0    20000000    00000200     UNINITIALIZED
                  20000000    00000004     rtsv7M4_T_le_v4SPD16_eabi.lib : boot_cortex_m.c.obj (.stack)
                  20000004    000001fc     --HOLE--

MODULE SUMMARY

       Module                         code   ro data   rw data
       ------                         ----   -------   -------
    .\
       tm4c1230c3pm_startup_ccs.obj   12     620       0      
    +--+------------------------------+------+---------+---------+
       Total:                         12     620       0      
                                                              
    .\src\
       Timers.obj                     1196   0         0      
       main.obj                       100    0         0      
    +--+------------------------------+------+---------+---------+
       Total:                         1296   0         0      
                                                              
    D:/ti/TIVA/driverlib/ccs/Debug/driverlib.lib
       sysctl.obj                     574    108       0      
       timer.obj                      168    0         0      
       interrupt.obj                  16     0         0      
       cpu.obj                        12     0         0      
    +--+------------------------------+------+---------+---------+
       Total:                         770    108       0      
                                                              
    D:\Program Files\ti\ccsv8\tools\compiler\ti-cgt-arm_18.1.2.LTS\lib\rtsv7M4_T_le_v4SPD16_eabi.lib
       boot_cortex_m.c.obj            48     0         0      
       exit.c.obj                     4      0         0      
       pre_init.c.obj                 4      0         0      
    +--+------------------------------+------+---------+---------+
       Total:                         56     0         0      
                                                              
       Stack:                         0      0         512    
    +--+------------------------------+------+---------+---------+
       Grand Total:                   2134   728       512    


GLOBAL SYMBOLS: SORTED ALPHABETICALLY BY Name 

address   name                  
-------   ----                  
00000abf  C$$EXIT               
00000a87  CPUcpsie              
00000335  Innterupt_TIM         
00000a69  IntMasterEnable       
00000a93  ResetISR              
000003e7  SetLoad_TIM           
0000038f  SetPrescaler_TIM      
00000719  SysCtlClockGet        
00000829  SysCtlClockSet        
00000ab1  SysCtlDelay           
000009e1  SysCtlPeripheralEnable
0000043f  TIM_Initilize         
0000026d  Timer0BIntHandler     
0000027b  Timer1BIntHandler     
00000289  Timer2BIntHandler     
00000297  Timer3BIntHandler     
000002a5  Timer4BIntHandler     
000002b3  Timer5BIntHandler     
00000981  TimerConfigure        
00000a79  TimerEnable           
00000ab7  TimerIntClear         
00000a9f  TimerIntDisable       
00000aa9  TimerIntEnable        
00000a45  TimerLoadSet          
00000a57  TimerPrescaleSet      
000002c1  Timer_init            
20000200  __STACK_END           
00000200  __STACK_SIZE          
20000200  __STACK_TOP           
ffffffff  __TI_pprof_out_hndl   
ffffffff  __TI_prof_data_size   
ffffffff  __TI_prof_data_start  
00000000  __TI_static_base__    
ffffffff  __binit__             
ffffffff  __c_args__            
UNDEFED   __mpu_init            
20000000  __stack               
00000a15  _c_int00_noinit_noargs
00000abb  _system_pre_init      
00000abf  abort                 
ffffffff  binit                 
00000000  g_pfnVectors          
0000091d  main                  


GLOBAL SYMBOLS: SORTED BY Symbol Address 

address   name                  
-------   ----                  
00000000  __TI_static_base__    
00000000  g_pfnVectors          
00000200  __STACK_SIZE          
0000026d  Timer0BIntHandler     
0000027b  Timer1BIntHandler     
00000289  Timer2BIntHandler     
00000297  Timer3BIntHandler     
000002a5  Timer4BIntHandler     
000002b3  Timer5BIntHandler     
000002c1  Timer_init            
00000335  Innterupt_TIM         
0000038f  SetPrescaler_TIM      
000003e7  SetLoad_TIM           
0000043f  TIM_Initilize         
00000719  SysCtlClockGet        
00000829  SysCtlClockSet        
0000091d  main                  
00000981  TimerConfigure        
000009e1  SysCtlPeripheralEnable
00000a15  _c_int00_noinit_noargs
00000a45  TimerLoadSet          
00000a57  TimerPrescaleSet      
00000a69  IntMasterEnable       
00000a79  TimerEnable           
00000a87  CPUcpsie              
00000a93  ResetISR              
00000a9f  TimerIntDisable       
00000aa9  TimerIntEnable        
00000ab1  SysCtlDelay           
00000ab7  TimerIntClear         
00000abb  _system_pre_init      
00000abf  C$$EXIT               
00000abf  abort                 
20000000  __stack               
20000200  __STACK_END           
20000200  __STACK_TOP           
ffffffff  __TI_pprof_out_hndl   
ffffffff  __TI_prof_data_size   
ffffffff  __TI_prof_data_start  
ffffffff  __binit__             
ffffffff  __c_args__            
ffffffff  binit                 
UNDEFED   __mpu_init            

[43 symbols]
