******************************************************************************
                  TI ARM Linker PC v18.1.2                     
******************************************************************************
>> Linked Mon Nov 12 08:47:26 2018

OUTPUT FILE NAME:   <PCB_SWPWMTIM.out>
ENTRY POINT SYMBOL: "_c_int00_noinit_noargs"  address: 00000479


MEMORY CONFIGURATION

         name            origin    length      used     unused   attr    fill
----------------------  --------  ---------  --------  --------  ----  --------
  FLASH                 00000000   00020000  0000051c  0001fae4  R  X
  SRAM                  20000000   00008000  00000200  00007e00  RW X


SEGMENT ALLOCATION MAP

run origin  load origin   length   init length attrs members
----------  ----------- ---------- ----------- ----- -------
00000000    00000000    0000051c   0000051c    r-x
  00000000    00000000    0000026c   0000026c    r-- .intvecs
  0000026c    0000026c    000002b0   000002b0    r-x .text
20000000    20000000    00000200   00000000    rw-
  20000000    20000000    00000200   00000000    rw- .stack


SECTION ALLOCATION MAP

 output                                  attributes/
section   page    origin      length       input sections
--------  ----  ----------  ----------   ----------------
.intvecs   0    00000000    0000026c     
                  00000000    0000026c     tm4c123be6pm_startup_ccs.obj (.intvecs)

.text      0    0000026c    000002b0     
                  0000026c    00000132     driverlib.lib : gpio.obj (.text:GPIOPadConfigSet)
                  0000039e    00000002     --HOLE-- [fill = 0]
                  000003a0    000000d8     main.obj (.text)
                  00000478    00000030     rtsv7M4_T_le_v4SPD16_eabi.lib : boot_cortex_m.c.obj (.text:_c_int00_noinit_noargs:_c_int00_noinit_noargs)
                  000004a8    0000002a     driverlib.lib : gpio.obj (.text:GPIODirModeSet)
                  000004d2    00000018                   : gpio.obj (.text:GPIOPinTypeGPIOOutput)
                  000004ea    00000012                   : gpio.obj (.text:GPIOPinTypeGPIOInput)
                  000004fc    0000000c     tm4c123be6pm_startup_ccs.obj (.text)
                  00000508    00000006     driverlib.lib : gpio.obj (.text:GPIOPinRead)
                  0000050e    00000006                   : gpio.obj (.text:GPIOPinWrite)
                  00000514    00000004     rtsv7M4_T_le_v4SPD16_eabi.lib : pre_init.c.obj (.text:_system_pre_init)
                  00000518    00000004                                   : exit.c.obj (.text:abort:abort)

.cinit     0    00000000    00000000     UNINITIALIZED

.init_array 
*          0    00000000    00000000     UNINITIALIZED

.stack     0    20000000    00000200     UNINITIALIZED
                  20000000    00000004     rtsv7M4_T_le_v4SPD16_eabi.lib : boot_cortex_m.c.obj (.stack)
                  20000004    000001fc     --HOLE--

MODULE SUMMARY

       Module                         code   ro data   rw data
       ------                         ----   -------   -------
    .\
       tm4c123be6pm_startup_ccs.obj   12     620       0      
       main.obj                       216    0         0      
    +--+------------------------------+------+---------+---------+
       Total:                         228    620       0      
                                                              
    D:/ti/TIVA/driverlib/ccs/Debug/driverlib.lib
       gpio.obj                       402    0         0      
    +--+------------------------------+------+---------+---------+
       Total:                         402    0         0      
                                                              
    D:\Program Files\ti\ccsv8\tools\compiler\ti-cgt-arm_18.1.2.LTS\lib\rtsv7M4_T_le_v4SPD16_eabi.lib
       boot_cortex_m.c.obj            48     0         0      
       exit.c.obj                     4      0         0      
       pre_init.c.obj                 4      0         0      
    +--+------------------------------+------+---------+---------+
       Total:                         56     0         0      
                                                              
       Stack:                         0      0         512    
    +--+------------------------------+------+---------+---------+
       Grand Total:                   686    620       512    


GLOBAL SYMBOLS: SORTED ALPHABETICALLY BY Name 

address   name                  
-------   ----                  
00000519  C$$EXIT               
000003a1  Delay                 
000004a9  GPIODirModeSet        
0000026d  GPIOPadConfigSet      
00000509  GPIOPinRead           
000004eb  GPIOPinTypeGPIOInput  
000004d3  GPIOPinTypeGPIOOutput 
0000050f  GPIOPinWrite          
000004fd  ResetISR              
000003df  SetInputSwitch        
000003c3  SetOutPutLED          
0000040b  Timer_init            
0000040d  Timer_pwmInit         
20000200  __STACK_END           
00000200  __STACK_SIZE          
20000200  __STACK_TOP           
ffffffff  __TI_pprof_out_hndl   
ffffffff  __TI_prof_data_size   
ffffffff  __TI_prof_data_start  
00000000  __TI_static_base__    
ffffffff  __binit__             
ffffffff  __c_args__            
UNDEFED   __mpu_init            
20000000  __stack               
00000479  _c_int00_noinit_noargs
00000515  _system_pre_init      
00000519  abort                 
ffffffff  binit                 
00000000  g_pfnVectors          
0000040f  main                  


GLOBAL SYMBOLS: SORTED BY Symbol Address 

address   name                  
-------   ----                  
00000000  __TI_static_base__    
00000000  g_pfnVectors          
00000200  __STACK_SIZE          
0000026d  GPIOPadConfigSet      
000003a1  Delay                 
000003c3  SetOutPutLED          
000003df  SetInputSwitch        
0000040b  Timer_init            
0000040d  Timer_pwmInit         
0000040f  main                  
00000479  _c_int00_noinit_noargs
000004a9  GPIODirModeSet        
000004d3  GPIOPinTypeGPIOOutput 
000004eb  GPIOPinTypeGPIOInput  
000004fd  ResetISR              
00000509  GPIOPinRead           
0000050f  GPIOPinWrite          
00000515  _system_pre_init      
00000519  C$$EXIT               
00000519  abort                 
20000000  __stack               
20000200  __STACK_END           
20000200  __STACK_TOP           
ffffffff  __TI_pprof_out_hndl   
ffffffff  __TI_prof_data_size   
ffffffff  __TI_prof_data_start  
ffffffff  __binit__             
ffffffff  __c_args__            
ffffffff  binit                 
UNDEFED   __mpu_init            

[30 symbols]
