******************************************************************************
                  TI ARM Linker PC v18.1.2                     
******************************************************************************
>> Linked Tue Nov 13 08:36:55 2018

OUTPUT FILE NAME:   <PCB_SWPWMTIM.out>
ENTRY POINT SYMBOL: "_c_int00_noargs"  address: 0000073d


MEMORY CONFIGURATION

         name            origin    length      used     unused   attr    fill
----------------------  --------  ---------  --------  --------  ----  --------
  FLASH                 00000000   00020000  000009e2  0001f61e  R  X
  SRAM                  20000000   00008000  0000046c  00007b94  RW X


SEGMENT ALLOCATION MAP

run origin  load origin   length   init length attrs members
----------  ----------- ---------- ----------- ----- -------
00000000    00000000    000009e4   000009e4    r-x
  00000000    00000000    0000026c   0000026c    r-- .intvecs
  0000026c    0000026c    00000652   00000652    r-x .text
  000008c0    000008c0    00000110   00000110    r-- .const
  000009d0    000009d0    00000014   00000014    r-- .cinit
20000000    20000000    00000470   00000000    rw-
  20000000    20000000    0000026c   00000000    rw- .vtable
  20000270    20000270    00000200   00000000    rw- .stack


SECTION ALLOCATION MAP

 output                                  attributes/
section   page    origin      length       input sections
--------  ----  ----------  ----------   ----------------
.intvecs   0    00000000    0000026c     
                  00000000    0000026c     tm4c123be6pm_startup_ccs.obj (.intvecs)

.text      0    0000026c    00000652     
                  0000026c    00000150     main.obj (.text)
                  000003bc    00000132     driverlib.lib : gpio.obj (.text:GPIOPadConfigSet)
                  000004ee    00000002     --HOLE-- [fill = 0]
                  000004f0    000000f4                   : sysctl.obj (.text:SysCtlClockSet)
                  000005e4    00000068                   : interrupt.obj (.text:IntEnable)
                  0000064c    00000060                   : timer.obj (.text:TimerConfigure)
                  000006ac    0000004c                   : timer.obj (.text:_TimerIntNumberGet)
                  000006f8    00000044     rtsv7M4_T_le_v4SPD16_eabi.lib : autoinit.c.obj (.text:__TI_auto_init_nobinit_nopinit:__TI_auto_init_nobinit_nopinit)
                  0000073c    00000038                                   : boot_cortex_m.c.obj (.text:_c_int00_noargs:_c_int00_noargs)
                  00000774    00000034     driverlib.lib : interrupt.obj (.text:IntRegister)
                  000007a8    00000034                   : sysctl.obj (.text:SysCtlPeripheralEnable)
                  000007dc    0000002a                   : gpio.obj (.text:GPIODirModeSet)
                  00000806    00000018                   : gpio.obj (.text:GPIOPinTypeGPIOOutput)
                  0000081e    00000018                   : timer.obj (.text:TimerIntRegister)
                  00000836    00000012                   : gpio.obj (.text:GPIOPinTypeGPIOInput)
                  00000848    00000012                   : timer.obj (.text:TimerLoadSet)
                  0000085a    00000012                   : timer.obj (.text:TimerPrescaleSet)
                  0000086c    00000012     rtsv7M4_T_le_v4SPD16_eabi.lib : copy_zero_init.c.obj (.text:decompress:ZI:__TI_zero_init_nomemset:__TI_zero_init_nomemset)
                  0000087e    0000000e     driverlib.lib : timer.obj (.text:TimerEnable)
                  0000088c    0000000c     tm4c123be6pm_startup_ccs.obj (.text)
                  00000898    00000008     driverlib.lib : timer.obj (.text:TimerIntEnable)
                  000008a0    00000006                   : gpio.obj (.text:GPIOPinRead)
                  000008a6    00000006                   : gpio.obj (.text:GPIOPinWrite)
                  000008ac    00000006                   : sysctl.obj (.text:SysCtlDelay)
                  000008b2    00000004                   : timer.obj (.text:TimerIntClear)
                  000008b6    00000004     rtsv7M4_T_le_v4SPD16_eabi.lib : pre_init.c.obj (.text:_system_pre_init)
                  000008ba    00000004                                   : exit.c.obj (.text:abort:abort)

.const     0    000008c0    00000110     
                  000008c0    00000070     driverlib.lib : interrupt.obj (.const)
                  00000930    00000060                   : timer.obj (.const:g_ppui32TimerIntMap)
                  00000990    00000040                   : timer.obj (.const:g_ppui32TimerIntMapSnowflake)

.cinit     0    000009d0    00000014     
                  000009d0    00000008     (.cinit..vtable.load) [load image, compression = zero_init]
                  000009d8    00000004     (__TI_handler_table)
                  000009dc    00000008     (__TI_cinit_table)

.init_array 
*          0    00000000    00000000     UNINITIALIZED

.vtable    0    20000000    0000026c     UNINITIALIZED
                  20000000    0000026c     driverlib.lib : interrupt.obj (.vtable)

.stack     0    20000270    00000200     UNINITIALIZED
                  20000270    00000004     rtsv7M4_T_le_v4SPD16_eabi.lib : boot_cortex_m.c.obj (.stack)
                  20000274    000001fc     --HOLE--

MODULE SUMMARY

       Module                         code   ro data   rw data
       ------                         ----   -------   -------
    .\
       tm4c123be6pm_startup_ccs.obj   12     620       0      
       main.obj                       336    0         0      
    +--+------------------------------+------+---------+---------+
       Total:                         348    620       0      
                                                              
    D:/ti/TIVA/driverlib/ccs/Debug/driverlib.lib
       interrupt.obj                  156    112       620    
       timer.obj                      258    160       0      
       gpio.obj                       402    0         0      
       sysctl.obj                     302    0         0      
    +--+------------------------------+------+---------+---------+
       Total:                         1118   272       620    
                                                              
    D:\Program Files\ti\ccsv8\tools\compiler\ti-cgt-arm_18.1.2.LTS\lib\rtsv7M4_T_le_v4SPD16_eabi.lib
       autoinit.c.obj                 68     0         0      
       boot_cortex_m.c.obj            56     0         0      
       copy_zero_init.c.obj           18     0         0      
       exit.c.obj                     4      0         0      
       pre_init.c.obj                 4      0         0      
    +--+------------------------------+------+---------+---------+
       Total:                         150    0         0      
                                                              
       Stack:                         0      0         512    
       Linker Generated:              0      20        0      
    +--+------------------------------+------+---------+---------+
       Grand Total:                   1616   912       1132   


LINKER GENERATED COPY TABLES

__TI_cinit_table @ 000009dc records: 1, size/record: 8, table size: 8
	.vtable: load addr=000009d0, load size=00000008 bytes, run addr=20000000, run size=0000026c bytes, compression=zero_init


LINKER GENERATED HANDLER TABLE

__TI_handler_table @ 000009d8 records: 1, size/record: 4, table size: 4
	index: 0, handler: __TI_zero_init


GLOBAL SYMBOLS: SORTED ALPHABETICALLY BY Name 

address   name                          
-------   ----                          
000008bb  C$$EXIT                       
0000027b  Delay                         
000007dd  GPIODirModeSet                
000003bd  GPIOPadConfigSet              
000008a1  GPIOPinRead                   
00000837  GPIOPinTypeGPIOInput          
00000807  GPIOPinTypeGPIOOutput         
000008a7  GPIOPinWrite                  
000005e5  IntEnable                     
00000775  IntRegister                   
0000088d  ResetISR                      
000002b9  SetInputSwitch                
0000029d  SetOutPutLED                  
000004f1  SysCtlClockSet                
000008ad  SysCtlDelay                   
000007a9  SysCtlPeripheralEnable        
0000026d  Timer0Isr                     
0000064d  TimerConfigure                
0000087f  TimerEnable                   
000008b3  TimerIntClear                 
00000899  TimerIntEnable                
0000081f  TimerIntRegister              
00000849  TimerLoadSet                  
0000085b  TimerPrescaleSet              
000002e5  Timer_init                    
00000339  Timer_pwmInit                 
20000470  __STACK_END                   
00000200  __STACK_SIZE                  
20000470  __STACK_TOP                   
000009dc  __TI_CINIT_Base               
000009e4  __TI_CINIT_Limit              
000009d8  __TI_Handler_Table_Base       
000009dc  __TI_Handler_Table_Limit      
000006f9  __TI_auto_init_nobinit_nopinit
ffffffff  __TI_pprof_out_hndl           
ffffffff  __TI_prof_data_size           
ffffffff  __TI_prof_data_start          
00000000  __TI_static_base__            
0000086d  __TI_zero_init_nomemset       
ffffffff  __binit__                     
ffffffff  __c_args__                    
UNDEFED   __mpu_init                    
20000270  __stack                       
0000073d  _c_int00_noargs               
UNDEFED   _system_post_cinit            
000008b7  _system_pre_init              
000008bb  abort                         
ffffffff  binit                         
20000000  g_pfnRAMVectors               
00000000  g_pfnVectors                  
0000033b  main                          


GLOBAL SYMBOLS: SORTED BY Symbol Address 

address   name                          
-------   ----                          
00000000  __TI_static_base__            
00000000  g_pfnVectors                  
00000200  __STACK_SIZE                  
0000026d  Timer0Isr                     
0000027b  Delay                         
0000029d  SetOutPutLED                  
000002b9  SetInputSwitch                
000002e5  Timer_init                    
00000339  Timer_pwmInit                 
0000033b  main                          
000003bd  GPIOPadConfigSet              
000004f1  SysCtlClockSet                
000005e5  IntEnable                     
0000064d  TimerConfigure                
000006f9  __TI_auto_init_nobinit_nopinit
0000073d  _c_int00_noargs               
00000775  IntRegister                   
000007a9  SysCtlPeripheralEnable        
000007dd  GPIODirModeSet                
00000807  GPIOPinTypeGPIOOutput         
0000081f  TimerIntRegister              
00000837  GPIOPinTypeGPIOInput          
00000849  TimerLoadSet                  
0000085b  TimerPrescaleSet              
0000086d  __TI_zero_init_nomemset       
0000087f  TimerEnable                   
0000088d  ResetISR                      
00000899  TimerIntEnable                
000008a1  GPIOPinRead                   
000008a7  GPIOPinWrite                  
000008ad  SysCtlDelay                   
000008b3  TimerIntClear                 
000008b7  _system_pre_init              
000008bb  C$$EXIT                       
000008bb  abort                         
000009d8  __TI_Handler_Table_Base       
000009dc  __TI_CINIT_Base               
000009dc  __TI_Handler_Table_Limit      
000009e4  __TI_CINIT_Limit              
20000000  g_pfnRAMVectors               
20000270  __stack                       
20000470  __STACK_END                   
20000470  __STACK_TOP                   
ffffffff  __TI_pprof_out_hndl           
ffffffff  __TI_prof_data_size           
ffffffff  __TI_prof_data_start          
ffffffff  __binit__                     
ffffffff  __c_args__                    
ffffffff  binit                         
UNDEFED   __mpu_init                    
UNDEFED   _system_post_cinit            

[51 symbols]
