******************************************************************************
                  TI ARM Linker PC v18.1.2                     
******************************************************************************
>> Linked Mon Sep 24 19:16:47 2018

OUTPUT FILE NAME:   <Usart_Project.out>
ENTRY POINT SYMBOL: "_c_int00_noargs"  address: 000008a9


MEMORY CONFIGURATION

         name            origin    length      used     unused   attr    fill
----------------------  --------  ---------  --------  --------  ----  --------
  FLASH                 00000000   00008000  00000c50  000073b0  R  X
  SRAM                  20000000   00003000  0000046c  00002b94  RW X


SEGMENT ALLOCATION MAP

run origin  load origin   length   init length attrs members
----------  ----------- ---------- ----------- ----- -------
00000000    00000000    00000c54   00000c54    r-x
  00000000    00000000    0000026c   0000026c    r-- .intvecs
  0000026c    0000026c    000007e4   000007e4    r-x .text
  00000a50    00000a50    000001ec   000001ec    r-- .const
  00000c40    00000c40    00000014   00000014    r-- .cinit
20000000    20000000    00000470   00000000    rw-
  20000000    20000000    0000026c   00000000    rw- .vtable
  20000270    20000270    00000200   00000000    rw- .stack


SECTION ALLOCATION MAP

 output                                  attributes/
section   page    origin      length       input sections
--------  ----  ----------  ----------   ----------------
.intvecs   0    00000000    0000026c     
                  00000000    0000026c     tm4c1230c3pm_startup_ccs.obj (.intvecs)

.text      0    0000026c    000007e4     
                  0000026c    00000132     driverlib.lib : gpio.obj (.text:GPIOPadConfigSet)
                  0000039e    00000002     --HOLE-- [fill = 0]
                  000003a0    00000120     Main.obj (.text)
                  000004c0    00000110     driverlib.lib : sysctl.obj (.text:SysCtlClockGet)
                  000005d0    000000f4                   : sysctl.obj (.text:SysCtlClockSet)
                  000006c4    00000068                   : interrupt.obj (.text:IntDisable)
                  0000072c    00000068                   : interrupt.obj (.text:IntEnable)
                  00000794    00000048                   : gpio.obj (.text:GPIOPinConfigure)
                  000007dc    00000046                   : uart.obj (.text:UARTConfigSetExpClk)
                  00000822    00000002     --HOLE-- [fill = 0]
                  00000824    00000044     rtsv7M4_T_le_v4SPD16_eabi.lib : autoinit.c.obj (.text:__TI_auto_init_nobinit_nopinit:__TI_auto_init_nobinit_nopinit)
                  00000868    00000040     driverlib.lib : uart.obj (.text:_UARTIntNumberGet)
                  000008a8    00000038     rtsv7M4_T_le_v4SPD16_eabi.lib : boot_cortex_m.c.obj (.text:_c_int00_noargs:_c_int00_noargs)
                  000008e0    00000034     driverlib.lib : interrupt.obj (.text:IntRegister)
                  00000914    00000034                   : sysctl.obj (.text:SysCtlPeripheralEnable)
                  00000948    0000002a                   : gpio.obj (.text:GPIODirModeSet)
                  00000972    00000002     --HOLE-- [fill = 0]
                  00000974    00000020                   : uart.obj (.text:UARTDisable)
                  00000994    00000018                   : uart.obj (.text:UARTIntRegister)
                  000009ac    00000014                   : uart.obj (.text:UARTEnable)
                  000009c0    00000012                   : gpio.obj (.text:GPIOPinTypeUART)
                  000009d2    00000012     rtsv7M4_T_le_v4SPD16_eabi.lib : copy_zero_init.c.obj (.text:decompress:ZI:__TI_zero_init_nomemset:__TI_zero_init_nomemset)
                  000009e4    0000000e     driverlib.lib : uart.obj (.text:UARTCharGetNonBlocking)
                  000009f2    0000000e                   : uart.obj (.text:UARTCharPutNonBlocking)
                  00000a00    0000000e                   : uart.obj (.text:UARTSpaceAvail)
                  00000a0e    0000000c     tm4c1230c3pm_startup_ccs.obj (.text)
                  00000a1a    0000000a     driverlib.lib : uart.obj (.text:UARTCharPut)
                  00000a24    0000000a                   : uart.obj (.text:UARTFIFODisable)
                  00000a2e    0000000a                   : uart.obj (.text:UARTIntStatus)
                  00000a38    00000006                   : sysctl.obj (.text:SysCtlDelay)
                  00000a3e    00000006                   : uart.obj (.text:UARTClockSourceSet)
                  00000a44    00000004                   : uart.obj (.text:UARTIntClear)
                  00000a48    00000004     rtsv7M4_T_le_v4SPD16_eabi.lib : pre_init.c.obj (.text:_system_pre_init)
                  00000a4c    00000004                                   : exit.c.obj (.text:abort:abort)

.const     0    00000a50    000001ec     
                  00000a50    00000090     driverlib.lib : gpio.obj (.const:g_pui32GPIOBaseAddrs)
                  00000ae0    00000070                   : interrupt.obj (.const)
                  00000b50    0000006c                   : sysctl.obj (.const:g_pui32Xtals)
                  00000bbc    00000040                   : uart.obj (.const:g_ppui32UARTIntMap)
                  00000bfc    00000040                   : uart.obj (.const:g_ppui32UARTIntMapSnowflake)

.cinit     0    00000c40    00000014     
                  00000c40    00000008     (.cinit..vtable.load) [load image, compression = zero_init]
                  00000c48    00000004     (__TI_handler_table)
                  00000c4c    00000008     (__TI_cinit_table)

.init_array 
*          0    00000000    00000000     UNINITIALIZED

.vtable    0    20000000    0000026c     UNINITIALIZED
                  20000000    0000026c     driverlib.lib : interrupt.obj (.vtable)

.stack     0    20000270    00000200     UNINITIALIZED
                  20000270    00000004     rtsv7M4_T_le_v4SPD16_eabi.lib : boot_cortex_m.c.obj (.stack)
                  20000274    000001fc     --HOLE--

MODULE SUMMARY

       Module                         code   ro data   rw data
       ------                         ----   -------   -------
    .\
       tm4c1230c3pm_startup_ccs.obj   12     620       0      
    +--+------------------------------+------+---------+---------+
       Total:                         12     620       0      
                                                              
    .\Src\
       Main.obj                       288    0         0      
    +--+------------------------------+------+---------+---------+
       Total:                         288    0         0      
                                                              
    D:/ti/TIVA/driverlib/ccs/Debug/driverlib.lib
       interrupt.obj                  260    112       620    
       sysctl.obj                     574    108       0      
       gpio.obj                       438    144       0      
       uart.obj                       292    128       0      
    +--+------------------------------+------+---------+---------+
       Total:                         1564   492       620    
                                                              
    D:\Program Files\ti\ccsv8\tools\compiler\ti-cgt-arm_18.1.2.LTS\lib\rtsv7M4_T_le_v4SPD16_eabi.lib
       autoinit.c.obj                 68     0         0      
       boot_cortex_m.c.obj            56     0         0      
       copy_zero_init.c.obj           18     0         0      
       exit.c.obj                     4      0         0      
       pre_init.c.obj                 4      0         0      
    +--+------------------------------+------+---------+---------+
       Total:                         150    0         0      
                                                              
       Stack:                         0      0         512    
       Linker Generated:              0      20        0      
    +--+------------------------------+------+---------+---------+
       Grand Total:                   2014   1132      1132   


LINKER GENERATED COPY TABLES

__TI_cinit_table @ 00000c4c records: 1, size/record: 8, table size: 8
	.vtable: load addr=00000c40, load size=00000008 bytes, run addr=20000000, run size=0000026c bytes, compression=zero_init


LINKER GENERATED HANDLER TABLE

__TI_handler_table @ 00000c48 records: 1, size/record: 4, table size: 4
	index: 0, handler: __TI_zero_init


GLOBAL SYMBOLS: SORTED ALPHABETICALLY BY Name 

address   name                          
-------   ----                          
00000a4d  C$$EXIT                       
00000949  GPIODirModeSet                
0000026d  GPIOPadConfigSet              
00000795  GPIOPinConfigure              
000009c1  GPIOPinTypeUART               
000006c5  IntDisable                    
0000072d  IntEnable                     
000008e1  IntRegister                   
00000a0f  ResetISR                      
000003a1  SendStringUART                
000004c1  SysCtlClockGet                
000005d1  SysCtlClockSet                
00000a39  SysCtlDelay                   
00000915  SysCtlPeripheralEnable        
000009e5  UARTCharGetNonBlocking        
00000a1b  UARTCharPut                   
000009f3  UARTCharPutNonBlocking        
00000a3f  UARTClockSourceSet            
000007dd  UARTConfigSetExpClk           
00000975  UARTDisable                   
000009ad  UARTEnable                    
00000a25  UARTFIFODisable               
00000a45  UARTIntClear                  
00000995  UARTIntRegister               
00000a2f  UARTIntStatus                 
00000a01  UARTSpaceAvail                
000003cf  URT0_RXHandler                
20000470  __STACK_END                   
00000200  __STACK_SIZE                  
20000470  __STACK_TOP                   
00000c4c  __TI_CINIT_Base               
00000c54  __TI_CINIT_Limit              
00000c48  __TI_Handler_Table_Base       
00000c4c  __TI_Handler_Table_Limit      
00000825  __TI_auto_init_nobinit_nopinit
ffffffff  __TI_pprof_out_hndl           
ffffffff  __TI_prof_data_size           
ffffffff  __TI_prof_data_start          
00000000  __TI_static_base__            
000009d3  __TI_zero_init_nomemset       
ffffffff  __binit__                     
ffffffff  __c_args__                    
UNDEFED   __mpu_init                    
20000270  __stack                       
000008a9  _c_int00_noargs               
UNDEFED   _system_post_cinit            
00000a49  _system_pre_init              
00000a4d  abort                         
ffffffff  binit                         
20000000  g_pfnRAMVectors               
00000000  g_pfnVectors                  
00000407  main                          


GLOBAL SYMBOLS: SORTED BY Symbol Address 

address   name                          
-------   ----                          
00000000  __TI_static_base__            
00000000  g_pfnVectors                  
00000200  __STACK_SIZE                  
0000026d  GPIOPadConfigSet              
000003a1  SendStringUART                
000003cf  URT0_RXHandler                
00000407  main                          
000004c1  SysCtlClockGet                
000005d1  SysCtlClockSet                
000006c5  IntDisable                    
0000072d  IntEnable                     
00000795  GPIOPinConfigure              
000007dd  UARTConfigSetExpClk           
00000825  __TI_auto_init_nobinit_nopinit
000008a9  _c_int00_noargs               
000008e1  IntRegister                   
00000915  SysCtlPeripheralEnable        
00000949  GPIODirModeSet                
00000975  UARTDisable                   
00000995  UARTIntRegister               
000009ad  UARTEnable                    
000009c1  GPIOPinTypeUART               
000009d3  __TI_zero_init_nomemset       
000009e5  UARTCharGetNonBlocking        
000009f3  UARTCharPutNonBlocking        
00000a01  UARTSpaceAvail                
00000a0f  ResetISR                      
00000a1b  UARTCharPut                   
00000a25  UARTFIFODisable               
00000a2f  UARTIntStatus                 
00000a39  SysCtlDelay                   
00000a3f  UARTClockSourceSet            
00000a45  UARTIntClear                  
00000a49  _system_pre_init              
00000a4d  C$$EXIT                       
00000a4d  abort                         
00000c48  __TI_Handler_Table_Base       
00000c4c  __TI_CINIT_Base               
00000c4c  __TI_Handler_Table_Limit      
00000c54  __TI_CINIT_Limit              
20000000  g_pfnRAMVectors               
20000270  __stack                       
20000470  __STACK_END                   
20000470  __STACK_TOP                   
ffffffff  __TI_pprof_out_hndl           
ffffffff  __TI_prof_data_size           
ffffffff  __TI_prof_data_start          
ffffffff  __binit__                     
ffffffff  __c_args__                    
ffffffff  binit                         
UNDEFED   __mpu_init                    
UNDEFED   _system_post_cinit            

[52 symbols]
